Component: ARM Compiler 5.06 update 7 (build 960) Tool: armlink [4d3601]

==============================================================================

Section Cross References

    startup_stm32f10x_md.o(STACK) refers (Special) to heapauxi.o(.text) for __use_two_region_memory
    startup_stm32f10x_md.o(HEAP) refers (Special) to heapauxi.o(.text) for __use_two_region_memory
    startup_stm32f10x_md.o(RESET) refers (Special) to heapauxi.o(.text) for __use_two_region_memory
    startup_stm32f10x_md.o(RESET) refers to startup_stm32f10x_md.o(STACK) for __initial_sp
    startup_stm32f10x_md.o(RESET) refers to startup_stm32f10x_md.o(.text) for Reset_Handler
    startup_stm32f10x_md.o(RESET) refers to stm32f10x_it.o(i.NMI_Handler) for NMI_Handler
    startup_stm32f10x_md.o(RESET) refers to stm32f10x_it.o(i.HardFault_Handler) for HardFault_Handler
    startup_stm32f10x_md.o(RESET) refers to stm32f10x_it.o(i.MemManage_Handler) for MemManage_Handler
    startup_stm32f10x_md.o(RESET) refers to stm32f10x_it.o(i.BusFault_Handler) for BusFault_Handler
    startup_stm32f10x_md.o(RESET) refers to stm32f10x_it.o(i.UsageFault_Handler) for UsageFault_Handler
    startup_stm32f10x_md.o(RESET) refers to stm32f10x_it.o(i.SVC_Handler) for SVC_Handler
    startup_stm32f10x_md.o(RESET) refers to stm32f10x_it.o(i.DebugMon_Handler) for DebugMon_Handler
    startup_stm32f10x_md.o(RESET) refers to stm32f10x_it.o(i.PendSV_Handler) for PendSV_Handler
    startup_stm32f10x_md.o(RESET) refers to stm32f10x_it.o(i.SysTick_Handler) for SysTick_Handler
    startup_stm32f10x_md.o(RESET) refers to timer.o(i.TIM2_IRQHandler) for TIM2_IRQHandler
    startup_stm32f10x_md.o(RESET) refers to usart1.o(i.USART1_IRQHandler) for USART1_IRQHandler
    startup_stm32f10x_md.o(RESET) refers to usart2.o(i.USART2_IRQHandler) for USART2_IRQHandler
    startup_stm32f10x_md.o(RESET) refers to usart3.o(i.USART3_IRQHandler) for USART3_IRQHandler
    startup_stm32f10x_md.o(.text) refers (Special) to heapauxi.o(.text) for __use_two_region_memory
    startup_stm32f10x_md.o(.text) refers to system_stm32f10x.o(i.SystemInit) for SystemInit
    startup_stm32f10x_md.o(.text) refers to __main.o(!!!main) for __main
    startup_stm32f10x_md.o(.text) refers to startup_stm32f10x_md.o(HEAP) for Heap_Mem
    startup_stm32f10x_md.o(.text) refers to startup_stm32f10x_md.o(STACK) for Stack_Mem
    system_stm32f10x.o(i.SetSysClock) refers to system_stm32f10x.o(i.SetSysClockTo72) for SetSysClockTo72
    system_stm32f10x.o(i.SystemCoreClockUpdate) refers to system_stm32f10x.o(.data) for SystemCoreClock
    system_stm32f10x.o(i.SystemInit) refers to system_stm32f10x.o(i.SetSysClock) for SetSysClock
    stm32f10x_adc.o(i.ADC_DeInit) refers to stm32f10x_rcc.o(i.RCC_APB2PeriphResetCmd) for RCC_APB2PeriphResetCmd
    stm32f10x_bkp.o(i.BKP_DeInit) refers to stm32f10x_rcc.o(i.RCC_BackupResetCmd) for RCC_BackupResetCmd
    stm32f10x_can.o(i.CAN_DeInit) refers to stm32f10x_rcc.o(i.RCC_APB1PeriphResetCmd) for RCC_APB1PeriphResetCmd
    stm32f10x_can.o(i.CAN_GetITStatus) refers to stm32f10x_can.o(i.CheckITStatus) for CheckITStatus
    stm32f10x_cec.o(i.CEC_DeInit) refers to stm32f10x_rcc.o(i.RCC_APB1PeriphResetCmd) for RCC_APB1PeriphResetCmd
    stm32f10x_dac.o(i.DAC_DeInit) refers to stm32f10x_rcc.o(i.RCC_APB1PeriphResetCmd) for RCC_APB1PeriphResetCmd
    stm32f10x_flash.o(i.FLASH_EnableWriteProtection) refers to stm32f10x_flash.o(i.FLASH_WaitForLastOperation) for FLASH_WaitForLastOperation
    stm32f10x_flash.o(i.FLASH_EraseAllBank1Pages) refers to stm32f10x_flash.o(i.FLASH_WaitForLastBank1Operation) for FLASH_WaitForLastBank1Operation
    stm32f10x_flash.o(i.FLASH_EraseAllPages) refers to stm32f10x_flash.o(i.FLASH_WaitForLastOperation) for FLASH_WaitForLastOperation
    stm32f10x_flash.o(i.FLASH_EraseOptionBytes) refers to stm32f10x_flash.o(i.FLASH_GetReadOutProtectionStatus) for FLASH_GetReadOutProtectionStatus
    stm32f10x_flash.o(i.FLASH_EraseOptionBytes) refers to stm32f10x_flash.o(i.FLASH_WaitForLastOperation) for FLASH_WaitForLastOperation
    stm32f10x_flash.o(i.FLASH_ErasePage) refers to stm32f10x_flash.o(i.FLASH_WaitForLastOperation) for FLASH_WaitForLastOperation
    stm32f10x_flash.o(i.FLASH_ProgramHalfWord) refers to stm32f10x_flash.o(i.FLASH_WaitForLastOperation) for FLASH_WaitForLastOperation
    stm32f10x_flash.o(i.FLASH_ProgramOptionByteData) refers to stm32f10x_flash.o(i.FLASH_WaitForLastOperation) for FLASH_WaitForLastOperation
    stm32f10x_flash.o(i.FLASH_ProgramWord) refers to stm32f10x_flash.o(i.FLASH_WaitForLastOperation) for FLASH_WaitForLastOperation
    stm32f10x_flash.o(i.FLASH_ReadOutProtection) refers to stm32f10x_flash.o(i.FLASH_WaitForLastOperation) for FLASH_WaitForLastOperation
    stm32f10x_flash.o(i.FLASH_UserOptionByteConfig) refers to stm32f10x_flash.o(i.FLASH_WaitForLastOperation) for FLASH_WaitForLastOperation
    stm32f10x_flash.o(i.FLASH_WaitForLastBank1Operation) refers to stm32f10x_flash.o(i.FLASH_GetBank1Status) for FLASH_GetBank1Status
[...]
    i.OLED_WriteCommand                      0x080010b4   Section        0  oled_1.o(i.OLED_WriteCommand)
    i.OLED_WriteData                         0x080010d4   Section        0  oled_1.o(i.OLED_WriteData)
    i.OLED_happiness                         0x08001104   Section        0  mode.o(i.OLED_happiness)
    i.OLED_stamina                           0x0800115c   Section        0  mode.o(i.OLED_stamina)
    i.PWM_Init                               0x080011b4   Section        0  pwm.o(i.PWM_Init)
    i.PWM_SetCompare1                        0x0800127c   Section        0  pwm.o(i.PWM_SetCompare1)
    i.PWM_SetCompare2                        0x08001290   Section        0  pwm.o(i.PWM_SetCompare2)
    i.PWM_SetCompare3                        0x080012a4   Section        0  pwm.o(i.PWM_SetCompare3)
    i.PWM_SetCompare4                        0x080012b8   Section        0  pwm.o(i.PWM_SetCompare4)
    i.PendSV_Handler                         0x080012cc   Section        0  stm32f10x_it.o(i.PendSV_Handler)
    i.RCC_APB1PeriphClockCmd                 0x080012d0   Section        0  stm32f10x_rcc.o(i.RCC_APB1PeriphClockCmd)
    i.RCC_APB2PeriphClockCmd                 0x080012f0   Section        0  stm32f10x_rcc.o(i.RCC_APB2PeriphClockCmd)
    i.RCC_GetClocksFreq                      0x08001310   Section        0  stm32f10x_rcc.o(i.RCC_GetClocksFreq)
    i.SVC_Handler                            0x080013e4   Section        0  stm32f10x_it.o(i.SVC_Handler)
    i.SYN_FrameInfo                          0x080013e6   Section        0  syn6288.o(i.SYN_FrameInfo)
    i.Servo_GetAngle1                        0x08001460   Section        0  servo.o(i.Servo_GetAngle1)
    i.Servo_GetAngle2                        0x08001480   Section        0  servo.o(i.Servo_GetAngle2)
    i.Servo_GetAngle3                        0x080014a0   Section        0  servo.o(i.Servo_GetAngle3)
    i.Servo_GetAngle4                        0x080014c0   Section        0  servo.o(i.Servo_GetAngle4)
    i.Servo_Init                             0x080014e0   Section        0  servo.o(i.Servo_Init)
    i.Servo_SetAngle1                        0x080014e8   Section        0  servo.o(i.Servo_SetAngle1)
    i.Servo_SetAngle2                        0x08001524   Section        0  servo.o(i.Servo_SetAngle2)
    i.Servo_SetAngle3                        0x08001560   Section        0  servo.o(i.Servo_SetAngle3)
    i.Servo_SetAngle4                        0x0800159c   Section        0  servo.o(i.Servo_SetAngle4)
    i.SetSysClock                            0x080015d8   Section        0  system_stm32f10x.o(i.SetSysClock)
    SetSysClock                              0x080015d9   Thumb Code     8  system_stm32f10x.o(i.SetSysClock)
    i.SetSysClockTo72                        0x080015e0   Section        0  system_stm32f10x.o(i.SetSysClockTo72)
    SetSysClockTo72                          0x080015e1   Thumb Code   214  system_stm32f10x.o(i.SetSysClockTo72)
    i.SysTick_Handler                        0x080016c0   Section        0  stm32f10x_it.o(i.SysTick_Handler)
    i.SystemInit                             0x080016c4   Section        0  system_stm32f10x.o(i.SystemInit)
    i.TIM2_IRQHandler                        0x08001724   Section        0  timer.o(i.TIM2_IRQHandler)
    i.TIM_ClearFlag                          0x0800175c   Section        0  stm32f10x_tim.o(i.TIM_ClearFlag)
    i.TIM_ClearITPendingBit                  0x08001762   Section        0  stm32f10x_tim.o(i.TIM_ClearITPendingBit)
    i.TIM_Cmd                                0x08001768   Section        0  stm32f10x_tim.o(i.TIM_Cmd)
    i.TIM_GetCapture1                        0x08001780   Section        0  stm32f10x_tim.o(i.TIM_GetCapture1)
    i.TIM_GetCapture2                        0x08001786   Section        0  stm32f10x_tim.o(i.TIM_GetCapture2)
    i.TIM_GetCapture3                        0x0800178c   Section        0  stm32f10x_tim.o(i.TIM_GetCapture3)
    i.TIM_GetCapture4                        0x08001792   Section        0  stm32f10x_tim.o(i.TIM_GetCapture4)
    i.TIM_GetITStatus                        0x0800179a   Section        0  stm32f10x_tim.o(i.TIM_GetITStatus)
    i.TIM_ITConfig                           0x080017bc   Section        0  stm32f10x_tim.o(i.TIM_ITConfig)
    i.TIM_InternalClockConfig                0x080017ce   Section        0  stm32f10x_tim.o(i.TIM_InternalClockConfig)
    i.TIM_OC1Init                            0x080017dc   Section        0  stm32f10x_tim.o(i.TIM_OC1Init)
    i.TIM_OC2Init                            0x08001874   Section        0  stm32f10x_tim.o(i.TIM_OC2Init)
    i.TIM_OC3Init                            0x08001918   Section        0  stm32f10x_tim.o(i.TIM_OC3Init)
    i.TIM_OC4Init                            0x080019b8   Section        0  stm32f10x_tim.o(i.TIM_OC4Init)
    i.TIM_OCStructInit                       0x08001a34   Section        0  stm32f10x_tim.o(i.TIM_OCStructInit)
    i.TIM_SetCompare1                        0x08001a48   Section        0  stm32f10x_tim.o(i.TIM_SetCompare1)
    i.TIM_SetCompare2                        0x08001a4c   Section        0  stm32f10x_tim.o(i.TIM_SetCompare2)
    i.TIM_SetCompare3                        0x08001a50   Section        0  stm32f10x_tim.o(i.TIM_SetCompare3)
    i.TIM_SetCompare4                        0x08001a54   Section        0  stm32f10x_tim.o(i.TIM_SetCompare4)
    i.TIM_TimeBaseInit                       0x08001a5c   Section        0  stm32f10x_tim.o(i.TIM_TimeBaseInit)
    i.Timer_Init                             0x08001b00   Section        0  timer.o(i.Timer_Init)
    i.USART1_GetRxData                       0x08001b7c   Section        0  usart1.o(i.USART1_GetRxData)
    i.USART1_GetRxFlag                       0x08001b88   Section        0  usart1.o(i.USART1_GetRxFlag)
    i.USART1_IRQHandler                      0x08001ba4   Section        0  usart1.o(i.USART1_IRQHandler)
    i.USART1_Init                            0x08001bdc   Section        0  usart1.o(i.USART1_Init)
    i.USART2_IRQHandler                      0x08001c8c   Section        0  usart2.o(i.USART2_IRQHandler)
    i.USART2_Init                            0x08001cc4   Section        0  usart2.o(i.USART2_Init)
    i.USART2_SendString                      0x08001d74   Section        0  usart2.o(i.USART2_SendString)
    i.USART3_GetRxData                       0x08001da0   Section        0  usart3.o(i.USART3_GetRxData)
    i.USART3_GetRxFlag                       0x08001dac   Section        0  usart3.o(i.USART3_GetRxFlag)
    i.USART3_IRQHandler                      0x08001dc8   Section        0  usart3.o(i.USART3_IRQHandler)
    i.USART3_Init                            0x08001e00   Section        0  usart3.o(i.USART3_Init)
    i.USART_ClearITPendingBit                0x08001eb4   Section        0  stm32f10x_usart.o(i.USART_ClearITPendingBit)
    i.USART_Cmd                              0x08001ed2   Section        0  stm32f10x_usart.o(i.USART_Cmd)
    i.USART_GetITStatus                      0x08001eea   Section        0  stm32f10x_usart.o(i.USART_GetITStatus)
    i.USART_ITConfig                         0x08001f3e   Section        0  stm32f10x_usart.o(i.USART_ITConfig)
    i.USART_Init                             0x08001f88   Section        0  stm32f10x_usart.o(i.USART_Init)
    i.USART_ReceiveData                      0x08002060   Section        0  stm32f10x_usart.o(i.USART_ReceiveData)
    i.UltrasonicWave_Getvalue                0x0800206c   Section        0  ultrasonicwave.o(i.UltrasonicWave_Getvalue)
    i.UltrasonicWave_Init                    0x080020c0   Section        0  ultrasonicwave.o(i.UltrasonicWave_Init)
    i.UltrasonicWave_Start                   0x0800210c   Section        0  ultrasonicwave.o(i.UltrasonicWave_Start)
    i.UsageFault_Handler                     0x08002130   Section        0  stm32f10x_it.o(i.UsageFault_Handler)
    i._is_digit                              0x08002134   Section        0  __printf_wp.o(i._is_digit)
    i.avoidBarrier                           0x08002144   Section        0  ultrasonicwave.o(i.avoidBarrier)
    i.lan_yao                                0x080021b0   Section        0  movement.o(i.lan_yao)
    i.main                                   0x080022bc   Section        0  main.o(i.main)
    i.mode_Behind                            0x0800260c   Section        0  mode.o(i.mode_Behind)
    i.mode_Forward                           0x08002680   Section        0  mode.o(i.mode_Forward)
    i.mode_Left                              0x080026f4   Section        0  mode.o(i.mode_Left)
    i.mode_Right                             0x08002768   Section        0  mode.o(i.mode_Right)
    i.mode_SlowStand                         0x080027dc   Section        0  mode.o(i.mode_SlowStand)
    i.mode_Stand                             0x08002850   Section        0  mode.o(i.mode_Stand)
    i.mode_Strech                            0x080028c4   Section        0  mode.o(i.mode_Strech)
    i.mode_TwoHands                          0x08002978   Section        0  mode.o(i.mode_TwoHands)
    i.mode_happiness                         0x080029d0   Section        0  mode.o(i.mode_happiness)
    i.mode_headup                            0x08002b00   Section        0  mode.o(i.mode_headup)
    i.mode_hello                             0x08002b60   Section        0  mode.o(i.mode_hello)
    i.mode_index                             0x08002cd0   Section        0  mode.o(i.mode_index)
    i.mode_lanyao                            0x08002dd4   Section        0  mode.o(i.mode_lanyao)
    i.mode_mendoumeiyou                      0x08002e54   Section        0  mode.o(i.mode_mendoumeiyou)
    i.mode_nanshou                           0x08002fc8   Section        0  mode.o(i.mode_nanshou)
    i.mode_sleeppa                           0x08003040   Section        0  mode.o(i.mode_sleeppa)
    i.mode_sleepwo                           0x08003104   Section        0  mode.o(i.mode_sleepwo)
    i.mode_stamina                           0x080031cc   Section        0  mode.o(i.mode_stamina)
    i.mode_swing_Dance                       0x080032f8   Section        0  mode.o(i.mode_swing_Dance)
    i.mode_swing_FrontBack                   0x08003344   Section        0  mode.o(i.mode_swing_FrontBack)
    i.mode_swing_LeftRight                   0x08003390   Section        0  mode.o(i.mode_swing_LeftRight)
    i.mode_world                             0x080033dc   Section        0  mode.o(i.mode_world)
    i.mode_wuhan                             0x08003448   Section        0  mode.o(i.mode_wuhan)
    i.mode_xiaodai                           0x080035b4   Section        0  mode.o(i.mode_xiaodai)
    i.mode_zahuishi                          0x08003604   Section        0  mode.o(i.mode_zahuishi)
    i.move_behind                            0x08003760   Section        0  movement.o(i.move_behind)
    i.move_dance                             0x08003814   Section        0  movement.o(i.move_dance)
    i.move_forward                           0x08003940   Section        0  movement.o(i.move_forward)
    i.move_head_up                           0x080039f4   Section        0  movement.o(i.move_head_up)
    i.move_left                              0x08003a84   Section        0  movement.o(i.move_left)
    i.move_left_hw                           0x08003ae8   Section        0  movement.o(i.move_left_hw)
    i.move_right                             0x08003b44   Section        0  movement.o(i.move_right)
    i.move_right_hw                          0x08003ba8   Section        0  movement.o(i.move_right_hw)
    i.move_shake_qianhou                     0x08003c04   Section        0  movement.o(i.move_shake_qianhou)
    i.move_shake_zuoyou                      0x08003c8c   Section        0  movement.o(i.move_shake_zuoyou)
    i.move_sleep_p                           0x08003d40   Section        0  movement.o(i.move_sleep_p)
    i.move_sleep_w                           0x08003dd0   Section        0  movement.o(i.move_sleep_w)
    i.move_slow_stand                        0x08003e60   Section        0  movement.o(i.move_slow_stand)
    i.move_stand                             0x08003fd0   Section        0  movement.o(i.move_stand)
    i.move_stretch                           0x08003ff8   Section        0  movement.o(i.move_stretch)
    i.move_two_hands                         0x0800411c   Section        0  movement.o(i.move_two_hands)
    i.redOutside_Init                        0x08004174   Section        0  hongwai.o(i.redOutside_Init)
    x$fpl$ddiv                               0x080041c4   Section      688  ddiv.o(x$fpl$ddiv)
    ddiv_entry                               0x080041cb   Thumb Code     0  ddiv.o(x$fpl$ddiv)
    x$fpl$dfixu                              0x08004474   Section       90  dfixu.o(x$fpl$dfixu)
    x$fpl$dfltu                              0x080044ce   Section       38  dflt_clz.o(x$fpl$dfltu)
    x$fpl$dmul                               0x080044f4   Section      340  dmul.o(x$fpl$dmul)
    x$fpl$dnaninf                            0x08004648   Section      156  dnaninf.o(x$fpl$dnaninf)
    x$fpl$dretinf                            0x080046e4   Section       12  dretinf.o(x$fpl$dretinf)
    x$fpl$fadd                               0x080046f0   Section      196  faddsub_clz.o(x$fpl$fadd)
    _fadd1                                   0x080046ff   Thumb Code     0  faddsub_clz.o(x$fpl$fadd)
    x$fpl$fdiv                               0x080047b4   Section      388  fdiv.o(x$fpl$fdiv)
    _fdiv1                                   0x080047b5   Thumb Code     0  fdiv.o(x$fpl$fdiv)
    x$fpl$ffixu                              0x08004938   Section       62  ffixu.o(x$fpl$ffixu)
    x$fpl$fflt                               0x08004978   Section       48  fflt_clz.o(x$fpl$fflt)
    x$fpl$ffltu                              0x080049a8   Section       38  fflt_clz.o(x$fpl$ffltu)
    x$fpl$fmul                               0x080049d0   Section      258  fmul.o(x$fpl$fmul)
    x$fpl$fnaninf                            0x08004ad2   Section      140  fnaninf.o(x$fpl$fnaninf)
    x$fpl$fretinf                            0x08004b5e   Section       10  fretinf.o(x$fpl$fretinf)
    x$fpl$fsub                               0x08004b68   Section      234  faddsub_clz.o(x$fpl$fsub)
    _fsub1                                   0x08004b77   Thumb Code     0  faddsub_clz.o(x$fpl$fsub)
    .constdata                               0x08004c52   Section    16100  oled_data_1.o(.constdata)
    x$fpl$usenofp                            0x08004c52   Section        0  usenofp.o(x$fpl$usenofp)
    .constdata                               0x08008b36   Section       17  __printf_flags_ss_wp.o(.constdata)
    maptable                                 0x08008b36   Data          17  __printf_flags_ss_wp.o(.constdata)
    .data                                    0x20000000   Section       20  stm32f10x_rcc.o(.data)
    APBAHBPrescTable                         0x20000000   Data          16  stm32f10x_rcc.o(.data)
    ADCPrescTable                            0x20000010   Data           4  stm32f10x_rcc.o(.data)
    .data                                    0x20000014   Section        2  usart1.o(.data)
    .data                                    0x20000016   Section        2  usart2.o(.data)
    .data                                    0x20000018   Section        2  usart3.o(.data)
    .data                                    0x2000001c   Section       16  movement.o(.data)
    .data                                    0x2000002c   Section        8  ultrasonicwave.o(.data)
    .data                                    0x20000034   Section       34  main.o(.data)
    .data                                    0x20000056   Section        8  mode.o(.data)
    .bss                                     0x20000060   Section     1024  oled_1.o(.bss)
    .bss                                     0x20000460   Section      228  rand.o(.bss)
    .bss                                     0x20000544   Section       96  libspace.o(.bss)
    HEAP                                     0x200005a8   Section      512  startup_stm32f10x_md.o(HEAP)
    Heap_Mem                                 0x200005a8   Data         512  startup_stm32f10x_md.o(HEAP)
    STACK                                    0x200007a8   Section     1024  startup_stm32f10x_md.o(STACK)
    Stack_Mem                                0x200007a8   Data        1024  startup_stm32f10x_md.o(STACK)
    __initial_sp                             0x20000ba8   Data           0  startup_stm32f10x_md.o(STACK)

    Global Symbols

    Symbol Name                              Value     Ov Type        Size  Object(Section)

    BuildAttributes$$THM_ISAv4$P$D$K$B$S$PE$A:L22UL41UL21$X:L11$S22US41US21$IEEE1$IW$USESV6$~STKCKD$USESV7$~SHL$OTIME$ROPI$IEEEX$EBA8$UX$STANDARDLIB$REQ8$PRES8$EABIv2 0x00000000   Number         0  anon$$obj.o ABSOLUTE
    __ARM_use_no_argv                        0x00000000   Number         0  main.o ABSOLUTE
    _printf_flags                            0x00000000   Number         0  printf_stubs.o ABSOLUTE
    _printf_return_value                     0x00000000   Number         0  printf_stubs.o ABSOLUTE
    _printf_sizespec                         0x00000000   Number         0  printf_stubs.o ABSOLUTE
    _printf_widthprec                        0x00000000   Number         0  printf_stubs.o ABSOLUTE
    __ARM_exceptions_init                     - Undefined Weak Reference
    __alloca_initialize                       - Undefined Weak Reference
    __arm_fini_                               - Undefined Weak Reference
    __arm_preinit_                            - Undefined Weak Reference
    __cpp_initialize__aeabi_                  - Undefined Weak Reference
    __cxa_finalize                            - Undefined Weak Reference
    __sigvec_lookup                           - Undefined Weak Reference
    _atexit_init                              - Undefined Weak Reference
    _call_atexit_fns                          - Undefined Weak Reference
    _clock_init                               - Undefined Weak Reference
    _fp_trap_init                             - Undefined Weak Reference
    _fp_trap_shutdown                         - Undefined Weak Reference
    _get_lc_collate                           - Undefined Weak Reference
    _get_lc_monetary                          - Undefined Weak Reference
    _get_lc_time                              - Undefined Weak Reference
    _getenv_init                              - Undefined Weak Reference
    _handle_redirection                       - Undefined Weak Reference
    _init_alloc                               - Undefined Weak Reference
    _init_user_alloc                          - Undefined Weak Reference
    _initio                                   - Undefined Weak Reference
    _printf_mbtowc                            - Undefined Weak Reference
    _printf_wc                                - Undefined Weak Reference
    _signal_finish                            - Undefined Weak Reference
    _signal_init                              - Undefined Weak Reference
    _terminate_alloc                          - Undefined Weak Reference
    _terminate_user_alloc                     - Undefined Weak Reference
    _terminateio                              - Undefined Weak Reference
    __Vectors_Size                           0x000000ec   Number         0  startup_stm32f10x_md.o ABSOLUTE
    __Vectors                                0x08000000   Data           4  startup_stm32f10x_md.o(RESET)
    __Vectors_End                            0x080000ec   Data           0  startup_stm32f10x_md.o(RESET)
    __main                                   0x080000ed   Thumb Code     8  __main.o(!!!main)
    __scatterload                            0x080000f5   Thumb Code     0  __scatter.o(!!!scatter)
    __scatterload_rt2                        0x080000f5   Thumb Code    44  __scatter.o(!!!scatter)
    __scatterload_rt2_thumb_only             0x080000f5   Thumb Code     0  __scatter.o(!!!scatter)
    __scatterload_null                       0x08000103   Thumb Code     0  __scatter.o(!!!scatter)
    __scatterload_copy                       0x08000129   Thumb Code    26  __scatter_copy.o(!!handler_copy)
    __scatterload_zeroinit                   0x08000145   Thumb Code    28  __scatter_zi.o(!!handler_zi)
    _printf_d                                0x08000161   Thumb Code     0  _printf_d.o(.ARM.Collect$$_printf_percent$$00000009)
    _printf_percent                          0x08000161   Thumb Code     0  _printf_percent.o(.ARM.Collect$$_printf_percent$$00000000)
    _printf_percent_end                      0x08000167   Thumb Code     0  _printf_percent_end.o(.ARM.Collect$$_printf_percent$$00000017)
    __rt_lib_init                            0x0800016b   Thumb Code     0  libinit.o(.ARM.Collect$$libinit$$00000000)
    __rt_lib_init_fp_1                       0x0800016d   Thumb Code     0  libinit2.o(.ARM.Collect$$libinit$$00000002)
    __rt_lib_init_heap_1                     0x0800016d   Thumb Code     0  libinit2.o(.ARM.Collect$$libinit$$0000000A)
    __rt_lib_init_preinit_1                  0x0800016d   Thumb Code     0  libinit2.o(.ARM.Collect$$libinit$$00000004)
    __rt_lib_init_rand_2                     0x0800016d   Thumb Code     0  libinit2.o(.ARM.Collect$$libinit$$0000000D)
    __rt_lib_init_user_alloc_1               0x0800016d   Thumb Code     0  libinit2.o(.ARM.Collect$$libinit$$0000000C)
    __rt_lib_init_alloca_1                   0x08000171   Thumb Code     0  libinit2.o(.ARM.Collect$$libinit$$0000002E)
    __rt_lib_init_argv_1                     0x08000171   Thumb Code     0  libinit2.o(.ARM.Collect$$libinit$$0000002C)
    __rt_lib_init_atexit_1                   0x08000171   Thumb Code     0  libinit2.o(.ARM.Collect$$libinit$$0000001B)
    __rt_lib_init_clock_1                    0x08000171   Thumb Code     0  libinit2.o(.ARM.Collect$$libinit$$00000021)
    __rt_lib_init_cpp_1                      0x08000171   Thumb Code     0  libinit2.o(.ARM.Collect$$libinit$$00000032)
    __rt_lib_init_exceptions_1               0x08000171   Thumb Code     0  libinit2.o(.ARM.Collect$$libinit$$00000030)
    __rt_lib_init_fp_trap_1                  0x08000171   Thumb Code     0  libinit2.o(.ARM.Collect$$libinit$$0000001F)
    __rt_lib_init_getenv_1                   0x08000171   Thumb Code     0  libinit2.o(.ARM.Collect$$libinit$$00000023)
    __rt_lib_init_lc_collate_1               0x08000171   Thumb Code     0  libinit2.o(.ARM.Collect$$libinit$$00000011)
    __rt_lib_init_lc_ctype_1                 0x08000171   Thumb Code     0  libinit2.o(.ARM.Collect$$libinit$$00000013)
    __rt_lib_init_lc_monetary_1              0x08000171   Thumb Code     0  libinit2.o(.ARM.Collect$$libinit$$00000015)
    __rt_lib_init_lc_numeric_1               0x08000171   Thumb Code     0  libinit2.o(.ARM.Collect$$libinit$$00000017)
    __rt_lib_init_lc_time_1                  0x08000171   Thumb Code     0  libinit2.o(.ARM.Collect$$libinit$$00000019)
    __rt_lib_init_rand_1                     0x08000171   Thumb Code     0  libinit2.o(.ARM.Collect$$libinit$$0000000E)
    __rt_lib_init_return                     0x08000171   Thumb Code     0  libinit2.o(.ARM.Collect$$libinit$$00000033)
    __rt_lib_init_signal_1                   0x08000171   Thumb Code     0  libinit2.o(.ARM.Collect$$libinit$$0000001D)
    __rt_lib_init_stdio_1                    0x08000171   Thumb Code     0  libinit2.o(.ARM.Collect$$libinit$$00000025)
    __rt_lib_shutdown                        0x08000173   Thumb Code     0  libshutdown.o(.ARM.Collect$$libshutdown$$00000000)
    __rt_lib_shutdown_cpp_1                  0x08000175   Thumb Code     0  libshutdown2.o(.ARM.Collect$$libshutdown$$00000004)
    __rt_lib_shutdown_fini_1                 0x08000175   Thumb Code     0  libshutdown2.o(.ARM.Collect$$libshutdown$$00000002)
    __rt_lib_shutdown_fp_trap_1              0x08000175   Thumb Code     0  libshutdown2.o(.ARM.Collect$$libshutdown$$00000009)
    __rt_lib_shutdown_heap_1                 0x08000175   Thumb Code     0  libshutdown2.o(.ARM.Collect$$libshutdown$$00000011)
    __rt_lib_shutdown_return                 0x08000175   Thumb Code     0  libshutdown2.o(.ARM.Collect$$libshutdown$$00000012)
    __rt_lib_shutdown_signal_1               0x08000175   Thumb Code     0  libshutdown2.o(.ARM.Collect$$libshutdown$$0000000C)
    __rt_lib_shutdown_stdio_1                0x08000175   Thumb Code     0  libshutdown2.o(.ARM.Collect$$libshutdown$$00000006)
    __rt_lib_shutdown_user_alloc_1           0x08000175   Thumb Code     0  libshutdown2.o(.ARM.Collect$$libshutdown$$0000000E)
    __rt_entry                               0x08000177   Thumb Code     0  __rtentry.o(.ARM.Collect$$rtentry$$00000000)
    __rt_entry_presh_1                       0x08000177   Thumb Code     0  __rtentry2.o(.ARM.Collect$$rtentry$$00000002)
    __rt_entry_sh                            0x08000177   Thumb Code     0  __rtentry4.o(.ARM.Collect$$rtentry$$00000004)
    __rt_entry_li                            0x0800017d   Thumb Code     0  __rtentry2.o(.ARM.Collect$$rtentry$$0000000A)
    __rt_entry_postsh_1                      0x0800017d   Thumb Code     0  __rtentry2.o(.ARM.Collect$$rtentry$$00000009)
    __rt_entry_main                          0x08000181   Thumb Code     0  __rtentry2.o(.ARM.Collect$$rtentry$$0000000D)
    __rt_entry_postli_1                      0x08000181   Thumb Code     0  __rtentry2.o(.ARM.Collect$$rtentry$$0000000C)
    __rt_exit                                0x08000189   Thumb Code     0  rtexit.o(.ARM.Collect$$rtexit$$00000000)
    __rt_exit_ls                             0x0800018b   Thumb Code     0  rtexit2.o(.ARM.Collect$$rtexit$$00000003)
    __rt_exit_prels_1                        0x0800018b   Thumb Code     0  rtexit2.o(.ARM.Collect$$rtexit$$00000002)
    __rt_exit_exit                           0x0800018f   Thumb Code     0  rtexit2.o(.ARM.Collect$$rtexit$$00000004)
    rand                                     0x08000195   Thumb Code    48  rand.o(.emb_text)
    Reset_Handler                            0x080001c9   Thumb Code     8  startup_stm32f10x_md.o(.text)
    ADC1_2_IRQHandler                        0x080001e3   Thumb Code     0  startup_stm32f10x_md.o(.text)
    CAN1_RX1_IRQHandler                      0x080001e3   Thumb Code     0  startup_stm32f10x_md.o(.text)
    CAN1_SCE_IRQHandler                      0x080001e3   Thumb Code     0  startup_stm32f10x_md.o(.text)
    DMA1_Channel1_IRQHandler                 0x080001e3   Thumb Code     0  startup_stm32f10x_md.o(.text)
    DMA1_Channel2_IRQHandler                 0x080001e3   Thumb Code     0  startup_stm32f10x_md.o(.text)
    DMA1_Channel3_IRQHandler                 0x080001e3   Thumb Code     0  startup_stm32f10x_md.o(.text)
    DMA1_Channel4_IRQHandler                 0x080001e3   Thumb Code     0  startup_stm32f10x_md.o(.text)
    DMA1_Channel5_IRQHandler                 0x080001e3   Thumb Code     0  startup_stm32f10x_md.o(.text)
    DMA1_Channel6_IRQHandler                 0x080001e3   Thumb Code     0  startup_stm32f10x_md.o(.text)
    DMA1_Channel7_IRQHandler                 0x080001e3   Thumb Code     0  startup_stm32f10x_md.o(.text)
    EXTI0_IRQHandler                         0x080001e3   Thumb Code     0  startup_stm32f10x_md.o(.text)
    EXTI15_10_IRQHandler                     0x080001e3   Thumb Code     0  startup_stm32f10x_md.o(.text)
    EXTI1_IRQHandler                         0x080001e3   Thumb Code     0  startup_stm32f10x_md.o(.text)
    EXTI2_IRQHandler                         0x080001e3   Thumb Code     0  startup_stm32f10x_md.o(.text)
    EXTI3_IRQHandler                         0x080001e3   Thumb Code     0  startup_stm32f10x_md.o(.text)
    EXTI4_IRQHandler                         0x080001e3   Thumb Code     0  startup_stm32f10x_md.o(.text)
    EXTI9_5_IRQHandler                       0x080001e3   Thumb Code     0  startup_stm32f10x_md.o(.text)
    FLASH_IRQHandler                         0x080001e3   Thumb Code     0  startup_stm32f10x_md.o(.text)
    I2C1_ER_IRQHandler                       0x080001e3   Thumb Code     0  startup_stm32f10x_md.o(.text)
    I2C1_EV_IRQHandler                       0x080001e3   Thumb Code     0  startup_stm32f10x_md.o(.text)
    I2C2_ER_IRQHandler                       0x080001e3   Thumb Code     0  startup_stm32f10x_md.o(.text)
    I2C2_EV_IRQHandler                       0x080001e3   Thumb Code     0  startup_stm32f10x_md.o(.text)
    PVD_IRQHandler                           0x080001e3   Thumb Code     0  startup_stm32f10x_md.o(.text)
    RCC_IRQHandler                           0x080001e3   Thumb Code     0  startup_stm32f10x_md.o(.text)
    RTCAlarm_IRQHandler                      0x080001e3   Thumb Code     0  startup_stm32f10x_md.o(.text)
    RTC_IRQHandler                           0x080001e3   Thumb Code     0  startup_stm32f10x_md.o(.text)
    SPI1_IRQHandler                          0x080001e3   Thumb Code     0  startup_stm32f10x_md.o(.text)
    SPI2_IRQHandler                          0x080001e3   Thumb Code     0  startup_stm32f10x_md.o(.text)
    TAMPER_IRQHandler                        0x080001e3   Thumb Code     0  startup_stm32f10x_md.o(.text)
    TIM1_BRK_IRQHandler                      0x080001e3   Thumb Code     0  startup_stm32f10x_md.o(.text)
    TIM1_CC_IRQHandler                       0x080001e3   Thumb Code     0  startup_stm32f10x_md.o(.text)
    TIM1_TRG_COM_IRQHandler                  0x080001e3   Thumb Code     0  startup_stm32f10x_md.o(.text)
    TIM1_UP_IRQHandler                       0x080001e3   Thumb Code     0  startup_stm32f10x_md.o(.text)
    TIM3_IRQHandler                          0x080001e3   Thumb Code     0  startup_stm32f10x_md.o(.text)
    TIM4_IRQHandler                          0x080001e3   Thumb Code     0  startup_stm32f10x_md.o(.text)
    USBWakeUp_IRQHandler                     0x080001e3   Thumb Code     0  startup_stm32f10x_md.o(.text)
    USB_HP_CAN1_TX_IRQHandler                0x080001e3   Thumb Code     0  startup_stm32f10x_md.o(.text)
    USB_LP_CAN1_RX0_IRQHandler               0x080001e3   Thumb Code     0  startup_stm32f10x_md.o(.text)
    WWDG_IRQHandler                          0x080001e3   Thumb Code     0  startup_stm32f10x_md.o(.text)
    __user_initial_stackheap                 0x080001e5   Thumb Code     0  startup_stm32f10x_md.o(.text)
    __2sprintf                               0x08000209   Thumb Code    38  __2sprintf.o(.text)
    _printf_int_dec                          0x08000235   Thumb Code   104  _printf_dec.o(.text)
    __printf                                 0x080002ad   Thumb Code   388  __printf_flags_ss_wp.o(.text)
    srand                                    0x08000435   Thumb Code    42  rand.o(.text)
    _rand_init                               0x0800045f   Thumb Code     4  rand.o(.text)
    strlen                                   0x08000471   Thumb Code    62  strlen.o(.text)
    __aeabi_memcpy                           0x080004af   Thumb Code     0  rt_memcpy_v6.o(.text)
    __rt_memcpy                              0x080004af   Thumb Code   138  rt_memcpy_v6.o(.text)
    _memcpy_lastbytes                        0x08000515   Thumb Code     0  rt_memcpy_v6.o(.text)
    strcmp                                   0x08000539   Thumb Code   128  strcmpv7m.o(.text)
    __use_two_region_memory                  0x080005b9   Thumb Code     2  heapauxi.o(.text)
    __rt_heap_escrow$2region                 0x080005bb   Thumb Code     2  heapauxi.o(.text)
    __rt_heap_expand$2region                 0x080005bd   Thumb Code     2  heapauxi.o(.text)
    _printf_int_common                       0x080005bf   Thumb Code   178  _printf_intcommon.o(.text)
    _printf_char_common                      0x0800067b   Thumb Code    32  _printf_char_common.o(.text)
    _sputc                                   0x080006a1   Thumb Code    10  _sputc.o(.text)
    __aeabi_memcpy4                          0x080006ab   Thumb Code     0  rt_memcpy_w.o(.text)
    __aeabi_memcpy8                          0x080006ab   Thumb Code     0  rt_memcpy_w.o(.text)
    __rt_memcpy_w                            0x080006ab   Thumb Code   100  rt_memcpy_w.o(.text)
    _memcpy_lastbytes_aligned                0x080006f3   Thumb Code     0  rt_memcpy_w.o(.text)
    __user_libspace                          0x08000711   Thumb Code     8  libspace.o(.text)
    __user_perproc_libspace                  0x08000711   Thumb Code     0  libspace.o(.text)
    __user_perthread_libspace                0x08000711   Thumb Code     0  libspace.o(.text)
    __user_setup_stackheap                   0x08000719   Thumb Code    74  sys_stackheap_outer.o(.text)
    exit                                     0x08000763   Thumb Code    18  exit.o(.text)
    __I$use$semihosting                      0x08000775   Thumb Code     0  use_no_semi.o(.text)
    __use_no_semihosting_swi                 0x08000775   Thumb Code     2  use_no_semi.o(.text)
    __semihosting_library_function           0x08000777   Thumb Code     0  indicate_semi.o(.text)
    _sys_exit                                0x08000779   Thumb Code     8  sys_exit.o(.text)
    BusFault_Handler                         0x08000785   Thumb Code     4  stm32f10x_it.o(i.BusFault_Handler)
    DebugMon_Handler                         0x08000789   Thumb Code     2  stm32f10x_it.o(i.DebugMon_Handler)
    Delay_ms                                 0x0800078b   Thumb Code    24  delay.o(i.Delay_ms)
    Delay_s                                  0x080007a3   Thumb Code    24  delay.o(i.Delay_s)
    Delay_us                                 0x080007bb   Thumb Code    46  delay.o(i.Delay_us)
    Edge_detect                              0x080007e9   Thumb Code   132  hongwai.o(i.Edge_detect)
    GPIO_Init                                0x0800087d   Thumb Code   278  stm32f10x_gpio.o(i.GPIO_Init)
    GPIO_ReadInputDataBit                    0x08000993   Thumb Code    18  stm32f10x_gpio.o(i.GPIO_ReadInputDataBit)
    GPIO_ReadOutputDataBit                   0x080009a5   Thumb Code    18  stm32f10x_gpio.o(i.GPIO_ReadOutputDataBit)
    GPIO_ResetBits                           0x080009b7   Thumb Code     4  stm32f10x_gpio.o(i.GPIO_ResetBits)
    GPIO_SetBits                             0x080009bb   Thumb Code     4  stm32f10x_gpio.o(i.GPIO_SetBits)
    GPIO_WriteBit                            0x080009bf   Thumb Code    10  stm32f10x_gpio.o(i.GPIO_WriteBit)
    Get_redOutside1                          0x080009c9   Thumb Code    14  hongwai.o(i.Get_redOutside1)
    Get_redOutside2                          0x080009dd   Thumb Code    12  hongwai.o(i.Get_redOutside2)
    Get_redOutside3                          0x080009ed   Thumb Code    14  hongwai.o(i.Get_redOutside3)
    Get_redOutside4                          0x08000a01   Thumb Code    12  hongwai.o(i.Get_redOutside4)
    HardFault_Handler                        0x08000a11   Thumb Code     4  stm32f10x_it.o(i.HardFault_Handler)
    LED13_Turn                               0x08000a15   Thumb Code    38  led_1.o(i.LED13_Turn)
    LED_Init                                 0x08000a41   Thumb Code    48  led_1.o(i.LED_Init)
    MemManage_Handler                        0x08000a75   Thumb Code     4  stm32f10x_it.o(i.MemManage_Handler)
    NMI_Handler                              0x08000a79   Thumb Code     2  stm32f10x_it.o(i.NMI_Handler)
    NVIC_Init                                0x08000a7d   Thumb Code   100  misc.o(i.NVIC_Init)
    NVIC_PriorityGroupConfig                 0x08000aed   Thumb Code    10  misc.o(i.NVIC_PriorityGroupConfig)
    OLED_Clear                               0x08000b01   Thumb Code    36  oled_1.o(i.OLED_Clear)
    OLED_ClearArea                           0x08000b29   Thumb Code   162  oled_1.o(i.OLED_ClearArea)
    OLED_GPIO_Init                           0x08000bd1   Thumb Code    92  oled_1.o(i.OLED_GPIO_Init)
    OLED_I2C_SendByte                        0x08000c31   Thumb Code    62  oled_1.o(i.OLED_I2C_SendByte)
    OLED_I2C_Start                           0x08000c6f   Thumb Code    28  oled_1.o(i.OLED_I2C_Start)
    OLED_I2C_Stop                            0x08000c8b   Thumb Code    22  oled_1.o(i.OLED_I2C_Stop)
    OLED_Init                                0x08000ca1   Thumb Code   154  oled_1.o(i.OLED_Init)
    OLED_Pow                                 0x08000d3b   Thumb Code    20  oled_1.o(i.OLED_Pow)
    OLED_SetCursor                           0x08000d4f   Thumb Code    38  oled_1.o(i.OLED_SetCursor)
    OLED_ShowChar                            0x08000d75   Thumb Code    74  oled_1.o(i.OLED_ShowChar)
    OLED_ShowChinese                         0x08000dc9   Thumb Code   148  oled_1.o(i.OLED_ShowChinese)
    OLED_ShowImage                           0x08000e65   Thumb Code   300  oled_1.o(i.OLED_ShowImage)
    OLED_ShowNum                             0x08000f95   Thumb Code    76  oled_1.o(i.OLED_ShowNum)
    OLED_Update                              0x08000fe1   Thumb Code    36  oled_1.o(i.OLED_Update)
    OLED_UpdateArea                          0x08001009   Thumb Code   120  oled_1.o(i.OLED_UpdateArea)
    OLED_W_SCL                               0x08001085   Thumb Code    18  oled_1.o(i.OLED_W_SCL)
    OLED_W_SDA                               0x0800109d   Thumb Code    18  oled_1.o(i.OLED_W_SDA)
    OLED_WriteCommand                        0x080010b5   Thumb Code    32  oled_1.o(i.OLED_WriteCommand)
    OLED_WriteData                           0x080010d5   Thumb Code    46  oled_1.o(i.OLED_WriteData)
    OLED_happiness                           0x08001105   Thumb Code    70  mode.o(i.OLED_happiness)
    OLED_stamina                             0x0800115d   Thumb Code    70  mode.o(i.OLED_stamina)
    PWM_Init                                 0x080011b5   Thumb Code   186  pwm.o(i.PWM_Init)
    PWM_SetCompare1                          0x0800127d   Thumb Code    14  pwm.o(i.PWM_SetCompare1)
    PWM_SetCompare2                          0x08001291   Thumb Code    14  pwm.o(i.PWM_SetCompare2)
    PWM_SetCompare3                          0x080012a5   Thumb Code    14  pwm.o(i.PWM_SetCompare3)
    PWM_SetCompare4                          0x080012b9   Thumb Code    14  pwm.o(i.PWM_SetCompare4)
    PendSV_Handler                           0x080012cd   Thumb Code     2  stm32f10x_it.o(i.PendSV_Handler)
    RCC_APB1PeriphClockCmd                   0x080012d1   Thumb Code    26  stm32f10x_rcc.o(i.RCC_APB1PeriphClockCmd)
    RCC_APB2PeriphClockCmd                   0x080012f1   Thumb Code    26  stm32f10x_rcc.o(i.RCC_APB2PeriphClockCmd)
    RCC_GetClocksFreq                        0x08001311   Thumb Code   192  stm32f10x_rcc.o(i.RCC_GetClocksFreq)
    SVC_Handler                              0x080013e5   Thumb Code     2  stm32f10x_it.o(i.SVC_Handler)
    SYN_FrameInfo                            0x080013e7   Thumb Code   122  syn6288.o(i.SYN_FrameInfo)
    Servo_GetAngle1                          0x08001461   Thumb Code    28  servo.o(i.Servo_GetAngle1)
    Servo_GetAngle2                          0x08001481   Thumb Code    28  servo.o(i.Servo_GetAngle2)
    Servo_GetAngle3                          0x080014a1   Thumb Code    28  servo.o(i.Servo_GetAngle3)
    Servo_GetAngle4                          0x080014c1   Thumb Code    28  servo.o(i.Servo_GetAngle4)
    Servo_Init                               0x080014e1   Thumb Code     8  servo.o(i.Servo_Init)
    Servo_SetAngle1                          0x080014e9   Thumb Code    48  servo.o(i.Servo_SetAngle1)
    Servo_SetAngle2                          0x08001525   Thumb Code    48  servo.o(i.Servo_SetAngle2)
    Servo_SetAngle3                          0x08001561   Thumb Code    48  servo.o(i.Servo_SetAngle3)
    Servo_SetAngle4                          0x0800159d   Thumb Code    48  servo.o(i.Servo_SetAngle4)
    SysTick_Handler                          0x080016c1   Thumb Code     2  stm32f10x_it.o(i.SysTick_Handler)
    SystemInit                               0x080016c5   Thumb Code    78  system_stm32f10x.o(i.SystemInit)
    TIM2_IRQHandler                          0x08001725   Thumb Code    46  timer.o(i.TIM2_IRQHandler)
    TIM_ClearFlag                            0x0800175d   Thumb Code     6  stm32f10x_tim.o(i.TIM_ClearFlag)
    TIM_ClearITPendingBit                    0x08001763   Thumb Code     6  stm32f10x_tim.o(i.TIM_ClearITPendingBit)
    TIM_Cmd                                  0x08001769   Thumb Code    24  stm32f10x_tim.o(i.TIM_Cmd)
    TIM_GetCapture1                          0x08001781   Thumb Code     6  stm32f10x_tim.o(i.TIM_GetCapture1)
    TIM_GetCapture2                          0x08001787   Thumb Code     6  stm32f10x_tim.o(i.TIM_GetCapture2)
    TIM_GetCapture3                          0x0800178d   Thumb Code     6  stm32f10x_tim.o(i.TIM_GetCapture3)
    TIM_GetCapture4                          0x08001793   Thumb Code     8  stm32f10x_tim.o(i.TIM_GetCapture4)
    TIM_GetITStatus                          0x0800179b   Thumb Code    34  stm32f10x_tim.o(i.TIM_GetITStatus)
    TIM_ITConfig                             0x080017bd   Thumb Code    18  stm32f10x_tim.o(i.TIM_ITConfig)
    TIM_InternalClockConfig                  0x080017cf   Thumb Code    12  stm32f10x_tim.o(i.TIM_InternalClockConfig)
    TIM_OC1Init                              0x080017dd   Thumb Code   132  stm32f10x_tim.o(i.TIM_OC1Init)
    TIM_OC2Init                              0x08001875   Thumb Code   154  stm32f10x_tim.o(i.TIM_OC2Init)
    TIM_OC3Init                              0x08001919   Thumb Code   150  stm32f10x_tim.o(i.TIM_OC3Init)
    TIM_OC4Init                              0x080019b9   Thumb Code   114  stm32f10x_tim.o(i.TIM_OC4Init)
    TIM_OCStructInit                         0x08001a35   Thumb Code    20  stm32f10x_tim.o(i.TIM_OCStructInit)
    TIM_SetCompare1                          0x08001a49   Thumb Code     4  stm32f10x_tim.o(i.TIM_SetCompare1)
    TIM_SetCompare2                          0x08001a4d   Thumb Code     4  stm32f10x_tim.o(i.TIM_SetCompare2)
    TIM_SetCompare3                          0x08001a51   Thumb Code     4  stm32f10x_tim.o(i.TIM_SetCompare3)
    TIM_SetCompare4                          0x08001a55   Thumb Code     6  stm32f10x_tim.o(i.TIM_SetCompare4)
    TIM_TimeBaseInit                         0x08001a5d   Thumb Code   122  stm32f10x_tim.o(i.TIM_TimeBaseInit)
    Timer_Init                               0x08001b01   Thumb Code   120  timer.o(i.Timer_Init)
    USART1_GetRxData                         0x08001b7d   Thumb Code     6  usart1.o(i.USART1_GetRxData)
    USART1_GetRxFlag                         0x08001b89   Thumb Code    22  usart1.o(i.USART1_GetRxFlag)
    USART1_IRQHandler                        0x08001ba5   Thumb Code    44  usart1.o(i.USART1_IRQHandler)
    USART1_Init                              0x08001bdd   Thumb Code   168  usart1.o(i.USART1_Init)
    USART2_IRQHandler                        0x08001c8d   Thumb Code    44  usart2.o(i.USART2_IRQHandler)
    USART2_Init                              0x08001cc5   Thumb Code   166  usart2.o(i.USART2_Init)
    USART2_SendString                        0x08001d75   Thumb Code    40  usart2.o(i.USART2_SendString)
    USART3_GetRxData                         0x08001da1   Thumb Code     6  usart3.o(i.USART3_GetRxData)
    USART3_GetRxFlag                         0x08001dad   Thumb Code    22  usart3.o(i.USART3_GetRxFlag)
    USART3_IRQHandler                        0x08001dc9   Thumb Code    44  usart3.o(i.USART3_IRQHandler)
    USART3_Init                              0x08001e01   Thumb Code   170  usart3.o(i.USART3_Init)
    USART_ClearITPendingBit                  0x08001eb5   Thumb Code    30  stm32f10x_usart.o(i.USART_ClearITPendingBit)
    USART_Cmd                                0x08001ed3   Thumb Code    24  stm32f10x_usart.o(i.USART_Cmd)
    USART_GetITStatus                        0x08001eeb   Thumb Code    84  stm32f10x_usart.o(i.USART_GetITStatus)
    USART_ITConfig                           0x08001f3f   Thumb Code    74  stm32f10x_usart.o(i.USART_ITConfig)
    USART_Init                               0x08001f89   Thumb Code   210  stm32f10x_usart.o(i.USART_Init)
    USART_ReceiveData                        0x08002061   Thumb Code    10  stm32f10x_usart.o(i.USART_ReceiveData)
    UltrasonicWave_Getvalue                  0x0800206d   Thumb Code    66  ultrasonicwave.o(i.UltrasonicWave_Getvalue)
    UltrasonicWave_Init                      0x080020c1   Thumb Code    72  ultrasonicwave.o(i.UltrasonicWave_Init)
    UltrasonicWave_Start                     0x0800210d   Thumb Code    30  ultrasonicwave.o(i.UltrasonicWave_Start)
    UsageFault_Handler                       0x08002131   Thumb Code     4  stm32f10x_it.o(i.UsageFault_Handler)
    _is_digit                                0x08002135   Thumb Code    14  __printf_wp.o(i._is_digit)
    avoidBarrier                             0x08002145   Thumb Code   100  ultrasonicwave.o(i.avoidBarrier)
    lan_yao                                  0x080021b1   Thumb Code   258  movement.o(i.lan_yao)
    main                                     0x080022bd   Thumb Code   770  main.o(i.main)
    mode_Behind                              0x0800260d   Thumb Code    90  mode.o(i.mode_Behind)
    mode_Forward                             0x08002681   Thumb Code    90  mode.o(i.mode_Forward)
    mode_Left                                0x080026f5   Thumb Code    90  mode.o(i.mode_Left)
    mode_Right                               0x08002769   Thumb Code    90  mode.o(i.mode_Right)
    mode_SlowStand                           0x080027dd   Thumb Code    72  mode.o(i.mode_SlowStand)
    mode_Stand                               0x08002851   Thumb Code    70  mode.o(i.mode_Stand)
    mode_Strech                              0x080028c5   Thumb Code   118  mode.o(i.mode_Strech)
    mode_TwoHands                            0x08002979   Thumb Code    66  mode.o(i.mode_TwoHands)
    mode_happiness                           0x080029d1   Thumb Code   186  mode.o(i.mode_happiness)
    mode_headup                              0x08002b01   Thumb Code    76  mode.o(i.mode_headup)
    mode_hello                               0x08002b61   Thumb Code   308  mode.o(i.mode_hello)
    mode_index                               0x08002cd1   Thumb Code   172  mode.o(i.mode_index)
    mode_lanyao                              0x08002dd5   Thumb Code   102  mode.o(i.mode_lanyao)
    mode_mendoumeiyou                        0x08002e55   Thumb Code   218  mode.o(i.mode_mendoumeiyou)
    mode_nanshou                             0x08002fc9   Thumb Code    72  mode.o(i.mode_nanshou)
    mode_sleeppa                             0x08003041   Thumb Code   144  mode.o(i.mode_sleeppa)
    mode_sleepwo                             0x08003105   Thumb Code   150  mode.o(i.mode_sleepwo)
    mode_stamina                             0x080031cd   Thumb Code   186  mode.o(i.mode_stamina)
    mode_swing_Dance                         0x080032f9   Thumb Code    56  mode.o(i.mode_swing_Dance)
    mode_swing_FrontBack                     0x08003345   Thumb Code    56  mode.o(i.mode_swing_FrontBack)
    mode_swing_LeftRight                     0x08003391   Thumb Code    56  mode.o(i.mode_swing_LeftRight)
    mode_world                               0x080033dd   Thumb Code    60  mode.o(i.mode_world)
    mode_wuhan                               0x08003449   Thumb Code   190  mode.o(i.mode_wuhan)
    mode_xiaodai                             0x080035b5   Thumb Code    48  mode.o(i.mode_xiaodai)
    mode_zahuishi                            0x08003605   Thumb Code   180  mode.o(i.mode_zahuishi)
    move_behind                              0x08003761   Thumb Code   164  movement.o(i.move_behind)
    move_dance                               0x08003815   Thumb Code   284  movement.o(i.move_dance)
    move_forward                             0x08003941   Thumb Code   164  movement.o(i.move_forward)
    move_head_up                             0x080039f5   Thumb Code   140  movement.o(i.move_head_up)
    move_left                                0x08003a85   Thumb Code    84  movement.o(i.move_left)
    move_left_hw                             0x08003ae9   Thumb Code    76  movement.o(i.move_left_hw)
    move_right                               0x08003b45   Thumb Code    84  movement.o(i.move_right)
    move_right_hw                            0x08003ba9   Thumb Code    76  movement.o(i.move_right_hw)
    move_shake_qianhou                       0x08003c05   Thumb Code   124  movement.o(i.move_shake_qianhou)
    move_shake_zuoyou                        0x08003c8d   Thumb Code   164  movement.o(i.move_shake_zuoyou)
    move_sleep_p                             0x08003d41   Thumb Code   140  movement.o(i.move_sleep_p)
    move_sleep_w                             0x08003dd1   Thumb Code   140  movement.o(i.move_sleep_w)
    move_slow_stand                          0x08003e61   Thumb Code   352  movement.o(i.move_slow_stand)
    move_stand                               0x08003fd1   Thumb Code    36  movement.o(i.move_stand)
    move_stretch                             0x08003ff9   Thumb Code   274  movement.o(i.move_stretch)
    move_two_hands                           0x0800411d   Thumb Code    76  movement.o(i.move_two_hands)
    redOutside_Init                          0x08004175   Thumb Code    76  hongwai.o(i.redOutside_Init)
    __aeabi_ddiv                             0x080041c5   Thumb Code     0  ddiv.o(x$fpl$ddiv)
    _ddiv                                    0x080041c5   Thumb Code   552  ddiv.o(x$fpl$ddiv)
    __aeabi_d2uiz                            0x08004475   Thumb Code     0  dfixu.o(x$fpl$dfixu)
    _dfixu                                   0x08004475   Thumb Code    90  dfixu.o(x$fpl$dfixu)
    __aeabi_ui2d                             0x080044cf   Thumb Code     0  dflt_clz.o(x$fpl$dfltu)
    _dfltu                                   0x080044cf   Thumb Code    38  dflt_clz.o(x$fpl$dfltu)
    __aeabi_dmul                             0x080044f5   Thumb Code     0  dmul.o(x$fpl$dmul)
    _dmul                                    0x080044f5   Thumb Code   332  dmul.o(x$fpl$dmul)
    __fpl_dnaninf                            0x08004649   Thumb Code   156  dnaninf.o(x$fpl$dnaninf)
    __fpl_dretinf                            0x080046e5   Thumb Code    12  dretinf.o(x$fpl$dretinf)
    __aeabi_fadd                             0x080046f1   Thumb Code     0  faddsub_clz.o(x$fpl$fadd)
    _fadd                                    0x080046f1   Thumb Code   196  faddsub_clz.o(x$fpl$fadd)
    __aeabi_fdiv                             0x080047b5   Thumb Code     0  fdiv.o(x$fpl$fdiv)
    _fdiv                                    0x080047b5   Thumb Code   384  fdiv.o(x$fpl$fdiv)
    __aeabi_f2uiz                            0x08004939   Thumb Code     0  ffixu.o(x$fpl$ffixu)
    _ffixu                                   0x08004939   Thumb Code    62  ffixu.o(x$fpl$ffixu)
    __aeabi_i2f                              0x08004979   Thumb Code     0  fflt_clz.o(x$fpl$fflt)
    _fflt                                    0x08004979   Thumb Code    48  fflt_clz.o(x$fpl$fflt)
    __aeabi_ui2f                             0x080049a9   Thumb Code     0  fflt_clz.o(x$fpl$ffltu)
    _ffltu                                   0x080049a9   Thumb Code    38  fflt_clz.o(x$fpl$ffltu)
    __aeabi_fmul                             0x080049d1   Thumb Code     0  fmul.o(x$fpl$fmul)
    _fmul                                    0x080049d1   Thumb Code   258  fmul.o(x$fpl$fmul)
    __fpl_fnaninf                            0x08004ad3   Thumb Code   140  fnaninf.o(x$fpl$fnaninf)
    __fpl_fretinf                            0x08004b5f   Thumb Code    10  fretinf.o(x$fpl$fretinf)
    __aeabi_fsub                             0x08004b69   Thumb Code     0  faddsub_clz.o(x$fpl$fsub)
    _fsub                                    0x08004b69   Thumb Code   234  faddsub_clz.o(x$fpl$fsub)
    OLED_F8x16                               0x08004c52   Data        1520  oled_data_1.o(.constdata)
    __I$use$fp                               0x08004c52   Number         0  usenofp.o(x$fpl$usenofp)
    OLED_F6x8                                0x08005242   Data         570  oled_data_1.o(.constdata)
    OLED_CF16x16                             0x0800547c   Data         490  oled_data_1.o(.constdata)
    Diode                                    0x08005666   Data          32  oled_data_1.o(.constdata)
    BMP1                                     0x08005686   Data        1024  oled_data_1.o(.constdata)
    BMP2                                     0x08005a86   Data        1024  oled_data_1.o(.constdata)
    BMP4                                     0x08005e86   Data        1024  oled_data_1.o(.constdata)
    BMP3                                     0x08006286   Data        1024  oled_data_1.o(.constdata)
    BMP5                                     0x08006686   Data        1024  oled_data_1.o(.constdata)
    BMP6                                     0x08006a86   Data        1024  oled_data_1.o(.constdata)
    BMP7                                     0x08006e86   Data        1024  oled_data_1.o(.constdata)
    BMP8                                     0x08007286   Data        1024  oled_data_1.o(.constdata)
    BMP9                                     0x08007686   Data        1024  oled_data_1.o(.constdata)
    BMP10                                    0x08007a86   Data        1024  oled_data_1.o(.constdata)
    BMP11                                    0x08007e86   Data        1024  oled_data_1.o(.constdata)
    BMP12                                    0x08008286   Data        1024  oled_data_1.o(.constdata)
    huaji                                    0x08008686   Data        1200  oled_data_1.o(.constdata)
    Region$$Table$$Base                      0x08008b48   Number         0  anon$$obj.o(Region$$Table)
    Region$$Table$$Limit                     0x08008b68   Number         0  anon$$obj.o(Region$$Table)
    USART1_RxData                            0x20000014   Data           1  usart1.o(.data)
    USART1_RxFlag                            0x20000015   Data           1  usart1.o(.data)
    USART2_RxData                            0x20000016   Data           1  usart2.o(.data)
    USART2_RxFlag                            0x20000017   Data           1  usart2.o(.data)
    USART3_RxData                            0x20000018   Data           1  usart3.o(.data)
    USART3_RxFlag                            0x20000019   Data           1  usart3.o(.data)
    i                                        0x2000001c   Data           4  movement.o(.data)
    j                                        0x20000020   Data           4  movement.o(.data)
    movedelay                                0x20000024   Data           4  movement.o(.data)
    angle_1                                  0x20000028   Data           1  movement.o(.data)
    angle_2                                  0x20000029   Data           1  movement.o(.data)
    angle_3                                  0x2000002a   Data           1  movement.o(.data)
    angle_4                                  0x2000002b   Data           1  movement.o(.data)
    Time                                     0x2000002c   Data           2  ultrasonicwave.o(.data)
    repeatCounter                            0x20000030   Data           4  ultrasonicwave.o(.data)
    Key_Num                                  0x20000034   Data           1  main.o(.data)
    RxData                                   0x20000035   Data           1  main.o(.data)
    move_mode1                               0x20000036   Data           1  main.o(.data)
    move_mode3                               0x20000037   Data           1  main.o(.data)
    move_mode                                0x20000038   Data           1  main.o(.data)
    previous_mode                            0x20000039   Data           1  main.o(.data)
    t1                                       0x2000003a   Data           1  main.o(.data)
    t2                                       0x2000003b   Data           1  main.o(.data)
    t3                                       0x2000003c   Data           1  main.o(.data)
    t4                                       0x2000003d   Data           1  main.o(.data)
    ForwardCount                             0x2000003e   Data           2  main.o(.data)
    BackwardCount                            0x20000040   Data           2  main.o(.data)
    LeftCount                                0x20000042   Data           2  main.o(.data)
    RightCount                               0x20000044   Data           2  main.o(.data)
    bz_flag                                  0x20000046   Data           2  main.o(.data)
    hw_flag                                  0x20000048   Data           2  main.o(.data)
    happiness                                0x2000004c   Data           4  main.o(.data)
    stamina                                  0x20000050   Data           4  main.o(.data)
    Distance                                 0x20000054   Data           2  main.o(.data)
    read                                     0x20000056   Data           8  mode.o(.data)
    OLED_DisplayBuf                          0x20000060   Data        1024  oled_1.o(.bss)
    _random_number_data                      0x20000460   Data         228  rand.o(.bss)
    __libspace_start                         0x20000544   Data          96  libspace.o(.bss)
    __temporary_stack_top$libspace           0x200005a4   Data           0  libspace.o(.bss)



==============================================================================

Memory Map of the image

  Image Entry point : 0x080000ed

  Load Region LR_IROM1 (Base: 0x08000000, Size: 0x00008bc8, Max: 0x00010000, ABSOLUTE)

    Execution Region ER_IROM1 (Exec base: 0x08000000, Load base: 0x08000000, Size: 0x00008b68, Max: 0x00010000, ABSOLUTE)

    Exec Addr    Load Addr    Size         Type   Attr      Idx    E Section Name        Object

    0x08000000   0x08000000   0x000000ec   Data   RO           19    RESET               startup_stm32f10x_md.o
    0x080000ec   0x080000ec   0x00000008   Code   RO         4407  * !!!main             c_w.l(__main.o)
    0x080000f4   0x080000f4   0x00000034   Code   RO         4828    !!!scatter          c_w.l(__scatter.o)
    0x08000128   0x08000128   0x0000001a   Code   RO         4830    !!handler_copy      c_w.l(__scatter_copy.o)
    0x08000142   0x08000142   0x00000002   PAD
    0x08000144   0x08000144   0x0000001c   Code   RO         4832    !!handler_zi        c_w.l(__scatter_zi.o)
    0x08000160   0x08000160   0x00000000   Code   RO         4393    .ARM.Collect$$_printf_percent$$00000000  c_w.l(_printf_percent.o)
    0x08000160   0x08000160   0x00000006   Code   RO         4392    .ARM.Collect$$_printf_percent$$00000009  c_w.l(_printf_d.o)
    0x08000166   0x08000166   0x00000004   Code   RO         4536    .ARM.Collect$$_printf_percent$$00000017  c_w.l(_printf_percent_end.o)
    0x0800016a   0x0800016a   0x00000002   Code   RO         4741    .ARM.Collect$$libinit$$00000000  c_w.l(libinit.o)
    0x0800016c   0x0800016c   0x00000000   Code   RO         4549    .ARM.Collect$$libinit$$00000002  c_w.l(libinit2.o)
    0x0800016c   0x0800016c   0x00000000   Code   RO         4551    .ARM.Collect$$libinit$$00000004  c_w.l(libinit2.o)
    0x0800016c   0x0800016c   0x00000000   Code   RO         4554    .ARM.Collect$$libinit$$0000000A  c_w.l(libinit2.o)
    0x0800016c   0x0800016c   0x00000000   Code   RO         4556    .ARM.Collect$$libinit$$0000000C  c_w.l(libinit2.o)
    0x0800016c   0x0800016c   0x00000004   Code   RO         4557    .ARM.Collect$$libinit$$0000000D  c_w.l(libinit2.o)
    0x08000170   0x08000170   0x00000000   Code   RO         4558    .ARM.Collect$$libinit$$0000000E  c_w.l(libinit2.o)
    0x08000170   0x08000170   0x00000000   Code   RO         4561    .ARM.Collect$$libinit$$00000011  c_w.l(libinit2.o)
    0x08000170   0x08000170   0x00000000   Code   RO         4563    .ARM.Collect$$libinit$$00000013  c_w.l(libinit2.o)
    0x08000170   0x08000170   0x00000000   Code   RO         4565    .ARM.Collect$$libinit$$00000015  c_w.l(libinit2.o)
    0x08000170   0x08000170   0x00000000   Code   RO         4567    .ARM.Collect$$libinit$$00000017  c_w.l(libinit2.o)
    0x08000170   0x08000170   0x00000000   Code   RO         4569    .ARM.Collect$$libinit$$00000019  c_w.l(libinit2.o)
    0x08000170   0x08000170   0x00000000   Code   RO         4571    .ARM.Collect$$libinit$$0000001B  c_w.l(libinit2.o)
    0x08000170   0x08000170   0x00000000   Code   RO         4573    .ARM.Collect$$libinit$$0000001D  c_w.l(libinit2.o)
    0x08000170   0x08000170   0x00000000   Code   RO         4575    .ARM.Collect$$libinit$$0000001F  c_w.l(libinit2.o)
    0x08000170   0x08000170   0x00000000   Code   RO         4577    .ARM.Collect$$libinit$$00000021  c_w.l(libinit2.o)
    0x08000170   0x08000170   0x00000000   Code   RO         4579    .ARM.Collect$$libinit$$00000023  c_w.l(libinit2.o)
    0x08000170   0x08000170   0x00000000   Code   RO         4581    .ARM.Collect$$libinit$$00000025  c_w.l(libinit2.o)
    0x08000170   0x08000170   0x00000000   Code   RO         4585    .ARM.Collect$$libinit$$0000002C  c_w.l(libinit2.o)
    0x08000170   0x08000170   0x00000000   Code   RO         4587    .ARM.Collect$$libinit$$0000002E  c_w.l(libinit2.o)
    0x08000170   0x08000170   0x00000000   Code   RO         4589    .ARM.Collect$$libinit$$00000030  c_w.l(libinit2.o)
    0x08000170   0x08000170   0x00000000   Code   RO         4591    .ARM.Collect$$libinit$$00000032  c_w.l(libinit2.o)
    0x08000170   0x08000170   0x00000002   Code   RO         4592    .ARM.Collect$$libinit$$00000033  c_w.l(libinit2.o)
    0x08000172   0x08000172   0x00000002   Code   RO         4787    .ARM.Collect$$libshutdown$$00000000  c_w.l(libshutdown.o)
    0x08000174   0x08000174   0x00000000   Code   RO         4793    .ARM.Collect$$libshutdown$$00000002  c_w.l(libshutdown2.o)
    0x08000174   0x08000174   0x00000000   Code   RO         4795    .ARM.Collect$$libshutdown$$00000004  c_w.l(libshutdown2.o)
    0x08000174   0x08000174   0x00000000   Code   RO         4797    .ARM.Collect$$libshutdown$$00000006  c_w.l(libshutdown2.o)
    0x08000174   0x08000174   0x00000000   Code   RO         4800    .ARM.Collect$$libshutdown$$00000009  c_w.l(libshutdown2.o)
    0x08000174   0x08000174   0x00000000   Code   RO         4803    .ARM.Collect$$libshutdown$$0000000C  c_w.l(libshutdown2.o)
    0x08000174   0x08000174   0x00000000   Code   RO         4805    .ARM.Collect$$libshutdown$$0000000E  c_w.l(libshutdown2.o)
    0x08000174   0x08000174   0x00000000   Code   RO         4808    .ARM.Collect$$libshutdown$$00000011  c_w.l(libshutdown2.o)
    0x08000174   0x08000174   0x00000002   Code   RO         4809    .ARM.Collect$$libshutdown$$00000012  c_w.l(libshutdown2.o)
    0x08000176   0x08000176   0x00000000   Code   RO         4475    .ARM.Collect$$rtentry$$00000000  c_w.l(__rtentry.o)
    0x08000176   0x08000176   0x00000000   Code   RO         4644    .ARM.Collect$$rtentry$$00000002  c_w.l(__rtentry2.o)
    0x08000176   0x08000176   0x00000006   Code   RO         4656    .ARM.Collect$$rtentry$$00000004  c_w.l(__rtentry4.o)
    0x0800017c   0x0800017c   0x00000000   Code   RO         4646    .ARM.Collect$$rtentry$$00000009  c_w.l(__rtentry2.o)
    0x0800017c   0x0800017c   0x00000004   Code   RO         4647    .ARM.Collect$$rtentry$$0000000A  c_w.l(__rtentry2.o)
    0x08000180   0x08000180   0x00000000   Code   RO         4649    .ARM.Collect$$rtentry$$0000000C  c_w.l(__rtentry2.o)
    0x08000180   0x08000180   0x00000008   Code   RO         4650    .ARM.Collect$$rtentry$$0000000D  c_w.l(__rtentry2.o)
    0x08000188   0x08000188   0x00000002   Code   RO         4748    .ARM.Collect$$rtexit$$00000000  c_w.l(rtexit.o)
    0x0800018a   0x0800018a   0x00000000   Code   RO         4765    .ARM.Collect$$rtexit$$00000002  c_w.l(rtexit2.o)
    0x0800018a   0x0800018a   0x00000004   Code   RO         4766    .ARM.Collect$$rtexit$$00000003  c_w.l(rtexit2.o)
    0x0800018e   0x0800018e   0x00000006   Code   RO         4767    .ARM.Collect$$rtexit$$00000004  c_w.l(rtexit2.o)
    0x08000194   0x08000194   0x00000034   Code   RO         4394    .emb_text           c_w.l(rand.o)
    0x080001c8   0x080001c8   0x00000040   Code   RO           20    .text               startup_stm32f10x_md.o
    0x08000208   0x08000208   0x0000002c   Code   RO         4364    .text               c_w.l(__2sprintf.o)
    0x08000234   0x08000234   0x00000078   Code   RO         4370    .text               c_w.l(_printf_dec.o)
    0x080002ac   0x080002ac   0x00000188   Code   RO         4389    .text               c_w.l(__printf_flags_ss_wp.o)
    0x08000434   0x08000434   0x0000003c   Code   RO         4395    .text               c_w.l(rand.o)
    0x08000470   0x08000470   0x0000003e   Code   RO         4399    .text               c_w.l(strlen.o)
    0x080004ae   0x080004ae   0x0000008a   Code   RO         4401    .text               c_w.l(rt_memcpy_v6.o)
    0x08000538   0x08000538   0x00000080   Code   RO         4403    .text               c_w.l(strcmpv7m.o)
    0x080005b8   0x080005b8   0x00000006   Code   RO         4405    .text               c_w.l(heapauxi.o)
    0x080005be   0x080005be   0x000000b2   Code   RO         4484    .text               c_w.l(_printf_intcommon.o)
    0x08000670   0x08000670   0x00000030   Code   RO         4488    .text               c_w.l(_printf_char_common.o)
    0x080006a0   0x080006a0   0x0000000a   Code   RO         4490    .text               c_w.l(_sputc.o)
    0x080006aa   0x080006aa   0x00000064   Code   RO         4546    .text               c_w.l(rt_memcpy_w.o)
    0x0800070e   0x0800070e   0x00000002   PAD
    0x08000710   0x08000710   0x00000008   Code   RO         4688    .text               c_w.l(libspace.o)
    0x08000718   0x08000718   0x0000004a   Code   RO         4691    .text               c_w.l(sys_stackheap_outer.o)
    0x08000762   0x08000762   0x00000012   Code   RO         4730    .text               c_w.l(exit.o)
    0x08000774   0x08000774   0x00000002   Code   RO         4761    .text               c_w.l(use_no_semi.o)
    0x08000776   0x08000776   0x00000000   Code   RO         4763    .text               c_w.l(indicate_semi.o)
    0x08000776   0x08000776   0x00000002   PAD
    0x08000778   0x08000778   0x0000000c   Code   RO         4779    .text               c_w.l(sys_exit.o)
    0x08000784   0x08000784   0x00000004   Code   RO         4125    i.BusFault_Handler  stm32f10x_it.o
    0x08000788   0x08000788   0x00000002   Code   RO         4126    i.DebugMon_Handler  stm32f10x_it.o
    0x0800078a   0x0800078a   0x00000018   Code   RO         3196    i.Delay_ms          delay.o
    0x080007a2   0x080007a2   0x00000018   Code   RO         3197    i.Delay_s           delay.o
    0x080007ba   0x080007ba   0x0000002e   Code   RO         3198    i.Delay_us          delay.o
    0x080007e8   0x080007e8   0x00000094   Code   RO         3961    i.Edge_detect       hongwai.o
    0x0800087c   0x0800087c   0x00000116   Code   RO         1347    i.GPIO_Init         stm32f10x_gpio.o
    0x08000992   0x08000992   0x00000012   Code   RO         1351    i.GPIO_ReadInputDataBit  stm32f10x_gpio.o
    0x080009a4   0x080009a4   0x00000012   Code   RO         1353    i.GPIO_ReadOutputDataBit  stm32f10x_gpio.o
    0x080009b6   0x080009b6   0x00000004   Code   RO         1354    i.GPIO_ResetBits    stm32f10x_gpio.o
    0x080009ba   0x080009ba   0x00000004   Code   RO         1355    i.GPIO_SetBits      stm32f10x_gpio.o
    0x080009be   0x080009be   0x0000000a   Code   RO         1358    i.GPIO_WriteBit     stm32f10x_gpio.o
    0x080009c8   0x080009c8   0x00000014   Code   RO         3962    i.Get_redOutside1   hongwai.o
    0x080009dc   0x080009dc   0x00000010   Code   RO         3963    i.Get_redOutside2   hongwai.o
    0x080009ec   0x080009ec   0x00000014   Code   RO         3964    i.Get_redOutside3   hongwai.o
    0x08000a00   0x08000a00   0x00000010   Code   RO         3965    i.Get_redOutside4   hongwai.o
    0x08000a10   0x08000a10   0x00000004   Code   RO         4127    i.HardFault_Handler  stm32f10x_it.o
    0x08000a14   0x08000a14   0x0000002c   Code   RO         3389    i.LED13_Turn        led_1.o
    0x08000a40   0x08000a40   0x00000034   Code   RO         3390    i.LED_Init          led_1.o
    0x08000a74   0x08000a74   0x00000004   Code   RO         4128    i.MemManage_Handler  stm32f10x_it.o
    0x08000a78   0x08000a78   0x00000002   Code   RO         4129    i.NMI_Handler       stm32f10x_it.o
    0x08000a7a   0x08000a7a   0x00000002   PAD
    0x08000a7c   0x08000a7c   0x00000070   Code   RO          137    i.NVIC_Init         misc.o
    0x08000aec   0x08000aec   0x00000014   Code   RO          138    i.NVIC_PriorityGroupConfig  misc.o
    0x08000b00   0x08000b00   0x00000028   Code   RO         3417    i.OLED_Clear        oled_1.o
    0x08000b28   0x08000b28   0x000000a8   Code   RO         3418    i.OLED_ClearArea    oled_1.o
    0x08000bd0   0x08000bd0   0x00000060   Code   RO         3426    i.OLED_GPIO_Init    oled_1.o
    0x08000c30   0x08000c30   0x0000003e   Code   RO         3428    i.OLED_I2C_SendByte  oled_1.o
    0x08000c6e   0x08000c6e   0x0000001c   Code   RO         3429    i.OLED_I2C_Start    oled_1.o
    0x08000c8a   0x08000c8a   0x00000016   Code   RO         3430    i.OLED_I2C_Stop     oled_1.o
    0x08000ca0   0x08000ca0   0x0000009a   Code   RO         3431    i.OLED_Init         oled_1.o
    0x08000d3a   0x08000d3a   0x00000014   Code   RO         3433    i.OLED_Pow          oled_1.o
    0x08000d4e   0x08000d4e   0x00000026   Code   RO         3437    i.OLED_SetCursor    oled_1.o
    0x08000d74   0x08000d74   0x00000054   Code   RO         3439    i.OLED_ShowChar     oled_1.o
    0x08000dc8   0x08000dc8   0x0000009c   Code   RO         3440    i.OLED_ShowChinese  oled_1.o
    0x08000e64   0x08000e64   0x00000130   Code   RO         3443    i.OLED_ShowImage    oled_1.o
    0x08000f94   0x08000f94   0x0000004c   Code   RO         3444    i.OLED_ShowNum      oled_1.o
    0x08000fe0   0x08000fe0   0x00000028   Code   RO         3447    i.OLED_Update       oled_1.o
    0x08001008   0x08001008   0x0000007c   Code   RO         3448    i.OLED_UpdateArea   oled_1.o
    0x08001084   0x08001084   0x00000018   Code   RO         3449    i.OLED_W_SCL        oled_1.o
    0x0800109c   0x0800109c   0x00000018   Code   RO         3450    i.OLED_W_SDA        oled_1.o
    0x080010b4   0x080010b4   0x00000020   Code   RO         3451    i.OLED_WriteCommand  oled_1.o
    0x080010d4   0x080010d4   0x0000002e   Code   RO         3452    i.OLED_WriteData    oled_1.o
    0x08001102   0x08001102   0x00000002   PAD
    0x08001104   0x08001104   0x00000058   Code   RO         4188    i.OLED_happiness    mode.o
    0x0800115c   0x0800115c   0x00000058   Code   RO         4189    i.OLED_stamina      mode.o
    0x080011b4   0x080011b4   0x000000c8   Code   RO         3813    i.PWM_Init          pwm.o
    0x0800127c   0x0800127c   0x00000014   Code   RO         3814    i.PWM_SetCompare1   pwm.o
    0x08001290   0x08001290   0x00000014   Code   RO         3815    i.PWM_SetCompare2   pwm.o
    0x080012a4   0x080012a4   0x00000014   Code   RO         3816    i.PWM_SetCompare3   pwm.o
    0x080012b8   0x080012b8   0x00000014   Code   RO         3817    i.PWM_SetCompare4   pwm.o
    0x080012cc   0x080012cc   0x00000002   Code   RO         4130    i.PendSV_Handler    stm32f10x_it.o
    0x080012ce   0x080012ce   0x00000002   PAD
    0x080012d0   0x080012d0   0x00000020   Code   RO         1775    i.RCC_APB1PeriphClockCmd  stm32f10x_rcc.o
    0x080012f0   0x080012f0   0x00000020   Code   RO         1777    i.RCC_APB2PeriphClockCmd  stm32f10x_rcc.o
    0x08001310   0x08001310   0x000000d4   Code   RO         1785    i.RCC_GetClocksFreq  stm32f10x_rcc.o
    0x080013e4   0x080013e4   0x00000002   Code   RO         4131    i.SVC_Handler       stm32f10x_it.o
    0x080013e6   0x080013e6   0x0000007a   Code   RO         3927    i.SYN_FrameInfo     syn6288.o
    0x08001460   0x08001460   0x00000020   Code   RO         3849    i.Servo_GetAngle1   servo.o
    0x08001480   0x08001480   0x00000020   Code   RO         3850    i.Servo_GetAngle2   servo.o
    0x080014a0   0x080014a0   0x00000020   Code   RO         3851    i.Servo_GetAngle3   servo.o
    0x080014c0   0x080014c0   0x00000020   Code   RO         3852    i.Servo_GetAngle4   servo.o
    0x080014e0   0x080014e0   0x00000008   Code   RO         3853    i.Servo_Init        servo.o
    0x080014e8   0x080014e8   0x0000003c   Code   RO         3854    i.Servo_SetAngle1   servo.o
    0x08001524   0x08001524   0x0000003c   Code   RO         3855    i.Servo_SetAngle2   servo.o
    0x08001560   0x08001560   0x0000003c   Code   RO         3856    i.Servo_SetAngle3   servo.o
    0x0800159c   0x0800159c   0x0000003c   Code   RO         3857    i.Servo_SetAngle4   servo.o
    0x080015d8   0x080015d8   0x00000008   Code   RO           24    i.SetSysClock       system_stm32f10x.o
    0x080015e0   0x080015e0   0x000000e0   Code   RO           25    i.SetSysClockTo72   system_stm32f10x.o
    0x080016c0   0x080016c0   0x00000002   Code   RO         4132    i.SysTick_Handler   stm32f10x_it.o
    0x080016c2   0x080016c2   0x00000002   PAD
    0x080016c4   0x080016c4   0x00000060   Code   RO           27    i.SystemInit        system_stm32f10x.o
    0x08001724   0x08001724   0x00000038   Code   RO         4007    i.TIM2_IRQHandler   timer.o
    0x0800175c   0x0800175c   0x00000006   Code   RO         2415    i.TIM_ClearFlag     stm32f10x_tim.o
    0x08001762   0x08001762   0x00000006   Code   RO         2416    i.TIM_ClearITPendingBit  stm32f10x_tim.o
    0x08001768   0x08001768   0x00000018   Code   RO         2421    i.TIM_Cmd           stm32f10x_tim.o
    0x08001780   0x08001780   0x00000006   Code   RO         2436    i.TIM_GetCapture1   stm32f10x_tim.o
    0x08001786   0x08001786   0x00000006   Code   RO         2437    i.TIM_GetCapture2   stm32f10x_tim.o
    0x0800178c   0x0800178c   0x00000006   Code   RO         2438    i.TIM_GetCapture3   stm32f10x_tim.o
    0x08001792   0x08001792   0x00000008   Code   RO         2439    i.TIM_GetCapture4   stm32f10x_tim.o
    0x0800179a   0x0800179a   0x00000022   Code   RO         2442    i.TIM_GetITStatus   stm32f10x_tim.o
    0x080017bc   0x080017bc   0x00000012   Code   RO         2446    i.TIM_ITConfig      stm32f10x_tim.o
    0x080017ce   0x080017ce   0x0000000c   Code   RO         2448    i.TIM_InternalClockConfig  stm32f10x_tim.o
    0x080017da   0x080017da   0x00000002   PAD
    0x080017dc   0x080017dc   0x00000098   Code   RO         2450    i.TIM_OC1Init       stm32f10x_tim.o
    0x08001874   0x08001874   0x000000a4   Code   RO         2455    i.TIM_OC2Init       stm32f10x_tim.o
    0x08001918   0x08001918   0x000000a0   Code   RO         2460    i.TIM_OC3Init       stm32f10x_tim.o
    0x080019b8   0x080019b8   0x0000007c   Code   RO         2465    i.TIM_OC4Init       stm32f10x_tim.o
    0x08001a34   0x08001a34   0x00000014   Code   RO         2468    i.TIM_OCStructInit  stm32f10x_tim.o
    0x08001a48   0x08001a48   0x00000004   Code   RO         2482    i.TIM_SetCompare1   stm32f10x_tim.o
    0x08001a4c   0x08001a4c   0x00000004   Code   RO         2483    i.TIM_SetCompare2   stm32f10x_tim.o
    0x08001a50   0x08001a50   0x00000004   Code   RO         2484    i.TIM_SetCompare3   stm32f10x_tim.o
    0x08001a54   0x08001a54   0x00000006   Code   RO         2485    i.TIM_SetCompare4   stm32f10x_tim.o
    0x08001a5a   0x08001a5a   0x00000002   PAD
    0x08001a5c   0x08001a5c   0x000000a4   Code   RO         2492    i.TIM_TimeBaseInit  stm32f10x_tim.o
    0x08001b00   0x08001b00   0x0000007c   Code   RO         4008    i.Timer_Init        timer.o
    0x08001b7c   0x08001b7c   0x0000000c   Code   RO         3221    i.USART1_GetRxData  usart1.o
    0x08001b88   0x08001b88   0x0000001c   Code   RO         3222    i.USART1_GetRxFlag  usart1.o
    0x08001ba4   0x08001ba4   0x00000038   Code   RO         3223    i.USART1_IRQHandler  usart1.o
    0x08001bdc   0x08001bdc   0x000000b0   Code   RO         3224    i.USART1_Init       usart1.o
    0x08001c8c   0x08001c8c   0x00000038   Code   RO         3310    i.USART2_IRQHandler  usart2.o
    0x08001cc4   0x08001cc4   0x000000b0   Code   RO         3311    i.USART2_Init       usart2.o
    0x08001d74   0x08001d74   0x0000002c   Code   RO         3312    i.USART2_SendString  usart2.o
    0x08001da0   0x08001da0   0x0000000c   Code   RO         3354    i.USART3_GetRxData  usart3.o
    0x08001dac   0x08001dac   0x0000001c   Code   RO         3355    i.USART3_GetRxFlag  usart3.o
    0x08001dc8   0x08001dc8   0x00000038   Code   RO         3356    i.USART3_IRQHandler  usart3.o
    0x08001e00   0x08001e00   0x000000b4   Code   RO         3357    i.USART3_Init       usart3.o
    0x08001eb4   0x08001eb4   0x0000001e   Code   RO         2957    i.USART_ClearITPendingBit  stm32f10x_usart.o
    0x08001ed2   0x08001ed2   0x00000018   Code   RO         2960    i.USART_Cmd         stm32f10x_usart.o
    0x08001eea   0x08001eea   0x00000054   Code   RO         2964    i.USART_GetITStatus  stm32f10x_usart.o
    0x08001f3e   0x08001f3e   0x0000004a   Code   RO         2966    i.USART_ITConfig    stm32f10x_usart.o
    0x08001f88   0x08001f88   0x000000d8   Code   RO         2967    i.USART_Init        stm32f10x_usart.o
    0x08002060   0x08002060   0x0000000a   Code   RO         2974    i.USART_ReceiveData  stm32f10x_usart.o
    0x0800206a   0x0800206a   0x00000002   PAD
    0x0800206c   0x0800206c   0x00000054   Code   RO         4029    i.UltrasonicWave_Getvalue  ultrasonicwave.o
    0x080020c0   0x080020c0   0x0000004c   Code   RO         4030    i.UltrasonicWave_Init  ultrasonicwave.o
    0x0800210c   0x0800210c   0x00000024   Code   RO         4031    i.UltrasonicWave_Start  ultrasonicwave.o
    0x08002130   0x08002130   0x00000004   Code   RO         4133    i.UsageFault_Handler  stm32f10x_it.o
    0x08002134   0x08002134   0x0000000e   Code   RO         4382    i._is_digit         c_w.l(__printf_wp.o)
    0x08002142   0x08002142   0x00000002   PAD
    0x08002144   0x08002144   0x0000006c   Code   RO         4032    i.avoidBarrier      ultrasonicwave.o
    0x080021b0   0x080021b0   0x0000010c   Code   RO         3678    i.lan_yao           movement.o
    0x080022bc   0x080022bc   0x00000350   Code   RO         4066    i.main              main.o
    0x0800260c   0x0800260c   0x00000074   Code   RO         4190    i.mode_Behind       mode.o
    0x08002680   0x08002680   0x00000074   Code   RO         4191    i.mode_Forward      mode.o
    0x080026f4   0x080026f4   0x00000074   Code   RO         4192    i.mode_Left         mode.o
    0x08002768   0x08002768   0x00000074   Code   RO         4193    i.mode_Right        mode.o
    0x080027dc   0x080027dc   0x00000074   Code   RO         4194    i.mode_SlowStand    mode.o
    0x08002850   0x08002850   0x00000074   Code   RO         4195    i.mode_Stand        mode.o
    0x080028c4   0x080028c4   0x000000b4   Code   RO         4196    i.mode_Strech       mode.o
    0x08002978   0x08002978   0x00000058   Code   RO         4197    i.mode_TwoHands     mode.o
    0x080029d0   0x080029d0   0x00000130   Code   RO         4198    i.mode_happiness    mode.o
    0x08002b00   0x08002b00   0x00000060   Code   RO         4199    i.mode_headup       mode.o
    0x08002b60   0x08002b60   0x00000170   Code   RO         4200    i.mode_hello        mode.o
    0x08002cd0   0x08002cd0   0x00000104   Code   RO         4201    i.mode_index        mode.o
    0x08002dd4   0x08002dd4   0x00000080   Code   RO         4202    i.mode_lanyao       mode.o
    0x08002e54   0x08002e54   0x00000174   Code   RO         4203    i.mode_mendoumeiyou  mode.o
    0x08002fc8   0x08002fc8   0x00000078   Code   RO         4204    i.mode_nanshou      mode.o
    0x08003040   0x08003040   0x000000c4   Code   RO         4205    i.mode_sleeppa      mode.o
    0x08003104   0x08003104   0x000000c8   Code   RO         4206    i.mode_sleepwo      mode.o
    0x080031cc   0x080031cc   0x0000012c   Code   RO         4207    i.mode_stamina      mode.o
    0x080032f8   0x080032f8   0x0000004c   Code   RO         4208    i.mode_swing_Dance  mode.o
    0x08003344   0x08003344   0x0000004c   Code   RO         4209    i.mode_swing_FrontBack  mode.o
    0x08003390   0x08003390   0x0000004c   Code   RO         4210    i.mode_swing_LeftRight  mode.o
    0x080033dc   0x080033dc   0x0000006c   Code   RO         4211    i.mode_world        mode.o
    0x08003448   0x08003448   0x0000016c   Code   RO         4212    i.mode_wuhan        mode.o
    0x080035b4   0x080035b4   0x00000050   Code   RO         4213    i.mode_xiaodai      mode.o
    0x08003604   0x08003604   0x0000015c   Code   RO         4214    i.mode_zahuishi     mode.o
    0x08003760   0x08003760   0x000000b4   Code   RO         3680    i.move_behind       movement.o
    0x08003814   0x08003814   0x0000012c   Code   RO         3681    i.move_dance        movement.o
    0x08003940   0x08003940   0x000000b4   Code   RO         3682    i.move_forward      movement.o
    0x080039f4   0x080039f4   0x00000090   Code   RO         3683    i.move_head_up      movement.o
    0x08003a84   0x08003a84   0x00000064   Code   RO         3685    i.move_left         movement.o
    0x08003ae8   0x08003ae8   0x0000005c   Code   RO         3686    i.move_left_hw      movement.o
    0x08003b44   0x08003b44   0x00000064   Code   RO         3687    i.move_right        movement.o
    0x08003ba8   0x08003ba8   0x0000005c   Code   RO         3688    i.move_right_hw     movement.o
    0x08003c04   0x08003c04   0x00000088   Code   RO         3689    i.move_shake_qianhou  movement.o
    0x08003c8c   0x08003c8c   0x000000b4   Code   RO         3690    i.move_shake_zuoyou  movement.o
    0x08003d40   0x08003d40   0x00000090   Code   RO         3691    i.move_sleep_p      movement.o
    0x08003dd0   0x08003dd0   0x00000090   Code   RO         3692    i.move_sleep_w      movement.o
    0x08003e60   0x08003e60   0x00000170   Code   RO         3693    i.move_slow_stand   movement.o
    0x08003fd0   0x08003fd0   0x00000028   Code   RO         3694    i.move_stand        movement.o
    0x08003ff8   0x08003ff8   0x00000124   Code   RO         3695    i.move_stretch      movement.o
    0x0800411c   0x0800411c   0x00000058   Code   RO         3696    i.move_two_hands    movement.o
    0x08004174   0x08004174   0x00000050   Code   RO         3966    i.redOutside_Init   hongwai.o
    0x080041c4   0x080041c4   0x000002b0   Code   RO         4418    x$fpl$ddiv          fz_ws.l(ddiv.o)
    0x08004474   0x08004474   0x0000005a   Code   RO         4425    x$fpl$dfixu         fz_ws.l(dfixu.o)
    0x080044ce   0x080044ce   0x00000026   Code   RO         4429    x$fpl$dfltu         fz_ws.l(dflt_clz.o)
    0x080044f4   0x080044f4   0x00000154   Code   RO         4437    x$fpl$dmul          fz_ws.l(dmul.o)
    0x08004648   0x08004648   0x0000009c   Code   RO         4597    x$fpl$dnaninf       fz_ws.l(dnaninf.o)
    0x080046e4   0x080046e4   0x0000000c   Code   RO         4599    x$fpl$dretinf       fz_ws.l(dretinf.o)
    0x080046f0   0x080046f0   0x000000c4   Code   RO         4441    x$fpl$fadd          fz_ws.l(faddsub_clz.o)
    0x080047b4   0x080047b4   0x00000184   Code   RO         4448    x$fpl$fdiv          fz_ws.l(fdiv.o)
    0x08004938   0x08004938   0x0000003e   Code   RO         4451    x$fpl$ffixu         fz_ws.l(ffixu.o)
    0x08004976   0x08004976   0x00000002   PAD
    0x08004978   0x08004978   0x00000030   Code   RO         4456    x$fpl$fflt          fz_ws.l(fflt_clz.o)
    0x080049a8   0x080049a8   0x00000026   Code   RO         4455    x$fpl$ffltu         fz_ws.l(fflt_clz.o)
    0x080049ce   0x080049ce   0x00000002   PAD
    0x080049d0   0x080049d0   0x00000102   Code   RO         4463    x$fpl$fmul          fz_ws.l(fmul.o)
    0x08004ad2   0x08004ad2   0x0000008c   Code   RO         4605    x$fpl$fnaninf       fz_ws.l(fnaninf.o)
    0x08004b5e   0x08004b5e   0x0000000a   Code   RO         4607    x$fpl$fretinf       fz_ws.l(fretinf.o)
    0x08004b68   0x08004b68   0x000000ea   Code   RO         4443    x$fpl$fsub          fz_ws.l(faddsub_clz.o)
    0x08004c52   0x08004c52   0x00000000   Code   RO         4617    x$fpl$usenofp       fz_ws.l(usenofp.o)
    0x08004c52   0x08004c52   0x00003ee4   Data   RO         3666    .constdata          oled_data_1.o
    0x08008b36   0x08008b36   0x00000011   Data   RO         4390    .constdata          c_w.l(__printf_flags_ss_wp.o)
    0x08008b47   0x08008b47   0x00000001   PAD
    0x08008b48   0x08008b48   0x00000020   Data   RO         4826    Region$$Table       anon$$obj.o


    Execution Region RW_IRAM1 (Exec base: 0x20000000, Load base: 0x08008b68, Size: 0x00000ba8, Max: 0x00005000, ABSOLUTE)

    Exec Addr    Load Addr    Size         Type   Attr      Idx    E Section Name        Object

    0x20000000   0x08008b68   0x00000014   Data   RW         1805    .data               stm32f10x_rcc.o
    0x20000014   0x08008b7c   0x00000002   Data   RW         3231    .data               usart1.o
    0x20000016   0x08008b7e   0x00000002   Data   RW         3313    .data               usart2.o
    0x20000018   0x08008b80   0x00000002   Data   RW         3358    .data               usart3.o
    0x2000001a   0x08008b82   0x00000002   PAD
    0x2000001c   0x08008b84   0x00000010   Data   RW         3697    .data               movement.o
    0x2000002c   0x08008b94   0x00000008   Data   RW         4033    .data               ultrasonicwave.o
    0x20000034   0x08008b9c   0x00000022   Data   RW         4067    .data               main.o
    0x20000056   0x08008bbe   0x00000008   Data   RW         4215    .data               mode.o
    0x2000005e   0x08008bc6   0x00000002   PAD
    0x20000060        -       0x00000400   Zero   RW         3454    .bss                oled_1.o
    0x20000460        -       0x000000e4   Zero   RW         4396    .bss                c_w.l(rand.o)
    0x20000544        -       0x00000060   Zero   RW         4689    .bss                c_w.l(libspace.o)
    0x200005a4   0x08008bc6   0x00000004   PAD
    0x200005a8        -       0x00000200   Zero   RW           18    HEAP                startup_stm32f10x_md.o
    0x200007a8        -       0x00000400   Zero   RW           17    STACK               startup_stm32f10x_md.o


==============================================================================

Image component sizes


      Code (inc. data)   RO Data    RW Data    ZI Data      Debug   Object Name

         0          0          0          0          0       4572   core_cm3.o
        94          0          0          0          0       1360   delay.o
       300         40          0          0          0       2804   hongwai.o
        96         10          0          0          0        872   led_1.o
       848         78          0         34          0       1837   main.o
       132         22          0          0          0     204703   misc.o
      4612       1526          0          8          0      13664   mode.o
      2848        212          0         16          0       9097   movement.o
      1538         56          0          0       1024      11484   oled_1.o
         0          0      16100          0          0       1555   oled_data_1.o
       280         38          0          0          0       2523   pwm.o
       376         64          0          0          0       4173   servo.o
        64         26        236          0       1536        776   startup_stm32f10x_md.o
         0          0          0          0          0       1644   stm32f10x_adc.o
       332          0          0          0          0      12817   stm32f10x_gpio.o
        26          0          0          0          0       3622   stm32f10x_it.o
       276         32          0         20          0      12898   stm32f10x_rcc.o
       928         92          0          0          0      31531   stm32f10x_tim.o
       438          6          0          0          0      11272   stm32f10x_usart.o
       122          0          0          0          0       1180   syn6288.o
       328         28          0          0          0      45109   system_stm32f10x.o
       180         14          0          0          0        975   timer.o
       304         36          0          8          0       2243   ultrasonicwave.o
       272         32          0          2          0       2206   usart1.o
       276         26          0          2          0       2232   usart2.o
       276         34          0          2          0       2206   usart3.o

    ----------------------------------------------------------------------
     14960       2372      16368         96       2560     389355   Object Totals
         0          0         32          0          0          0   (incl. Generated)
        14          0          0          4          0          0   (incl. Padding)

    ----------------------------------------------------------------------

      Code (inc. data)   RO Data    RW Data    ZI Data      Debug   Library Member Name

        44          6          0          0          0         84   __2sprintf.o
         8          0          0          0          0         68   __main.o
       392          4         17          0          0         92   __printf_flags_ss_wp.o
        14          0          0          0          0         68   __printf_wp.o
         0          0          0          0          0          0   __rtentry.o
        12          0          0          0          0          0   __rtentry2.o
         6          0          0          0          0          0   __rtentry4.o
        52          8          0          0          0          0   __scatter.o
        26          0          0          0          0          0   __scatter_copy.o
        28          0          0          0          0          0   __scatter_zi.o
        48          6          0          0          0         96   _printf_char_common.o
         6          0          0          0          0          0   _printf_d.o
       120         16          0          0          0         92   _printf_dec.o
       178          0          0          0          0         88   _printf_intcommon.o
         0          0          0          0          0          0   _printf_percent.o
         4          0          0          0          0          0   _printf_percent_end.o
        10          0          0          0          0         68   _sputc.o
        18          0          0          0          0         80   exit.o
         6          0          0          0          0        152   heapauxi.o
         0          0          0          0          0          0   indicate_semi.o
         2          0          0          0          0          0   libinit.o
         6          0          0          0          0          0   libinit2.o
         2          0          0          0          0          0   libshutdown.o
         2          0          0          0          0          0   libshutdown2.o
         8          4          0          0         96         68   libspace.o
       112         18          0          0        228        160   rand.o
       138          0          0          0          0         68   rt_memcpy_v6.o
       100          0          0          0          0         80   rt_memcpy_w.o
         2          0          0          0          0          0   rtexit.o
        10          0          0          0          0          0   rtexit2.o
       128          0          0          0          0         68   strcmpv7m.o
        62          0          0          0          0         76   strlen.o
        12          4          0          0          0         68   sys_exit.o
        74          0          0          0          0         80   sys_stackheap_outer.o
         2          0          0          0          0         68   use_no_semi.o
       688        140          0          0          0        208   ddiv.o
        90          4          0          0          0         92   dfixu.o
        38          0          0          0          0         68   dflt_clz.o
       340         12          0          0          0        104   dmul.o
       156          4          0          0          0         92   dnaninf.o
        12          0          0          0          0         68   dretinf.o
       430          8          0          0          0        168   faddsub_clz.o
       388         76          0          0          0         96   fdiv.o
        62          4          0          0          0         84   ffixu.o
        86          0          0          0          0        136   fflt_clz.o
       258          4          0          0          0         84   fmul.o
       140          4          0          0          0         84   fnaninf.o
        10          0          0          0          0         68   fretinf.o
         0          0          0          0          0          0   usenofp.o

    ----------------------------------------------------------------------
      4342        322         18          0        328       2976   Library Totals
        12          0          1          0          4          0   (incl. Padding)

    ----------------------------------------------------------------------

      Code (inc. data)   RO Data    RW Data    ZI Data      Debug   Library Name

      1632         66         17          0        324       1624   c_w.l
      2698        256          0          0          0       1352   fz_ws.l

    ----------------------------------------------------------------------
      4342        322         18          0        328       2976   Library Totals

    ----------------------------------------------------------------------

==============================================================================


      Code (inc. data)   RO Data    RW Data    ZI Data      Debug   

     19302       2694      16386         96       2888     382863   Grand Totals
     19302       2694      16386         96       2888     382863   ELF Image Totals
     19302       2694      16386         96          0          0   ROM Totals

==============================================================================

    Total RO  Size (Code + RO Data)                35688 (  34.85kB)
    Total RW  Size (RW Data + ZI Data)              2984 (   2.91kB)
    Total ROM Size (Code + RO Data + RW Data)      35784 (  34.95kB)

==============================================================================

